16:00:07 **** Build of project CAM_PS_Configure_bsp ****
make -k all 
"Running Make include in ps7_cortexa9_0/libsrc/coresightps_dcc_v1_4/src"
make -C ps7_cortexa9_0/libsrc/coresightps_dcc_v1_4/src -s include  "SHELL=CMD" "COMPILER=arm-none-eabi-gcc" "ARCHIVER=arm-none-eabi-ar" "COMPILER_FLAGS=  -O2 -c" "EXTRA_COMPILER_FLAGS=-mcpu=cortex-a9 -mfpu=vfpv3 -mfloat-abi=hard -nostartfiles -Wall -Wextra"
"Running Make include in ps7_cortexa9_0/libsrc/cpu_cortexa9_v2_5/src"
make -C ps7_cortexa9_0/libsrc/cpu_cortexa9_v2_5/src -s include  "SHELL=CMD" "COMPILER=arm-none-eabi-gcc" "ARCHIVER=arm-none-eabi-ar" "COMPILER_FLAGS=  -O2 -c" "EXTRA_COMPILER_FLAGS=-mcpu=cortex-a9 -mfpu=vfpv3 -mfloat-abi=hard -nostartfiles -Wall -Wextra"
"Running Make include in ps7_cortexa9_0/libsrc/ddrps_v1_0/src"
make -C ps7_cortexa9_0/libsrc/ddrps_v1_0/src -s include  "SHELL=CMD" "COMPILER=arm-none-eabi-gcc" "ARCHIVER=arm-none-eabi-ar" "COMPILER_FLAGS=  -O2 -c" "EXTRA_COMPILER_FLAGS=-mcpu=cortex-a9 -mfpu=vfpv3 -mfloat-abi=hard -nostartfiles -Wall -Wextra"
"Running Make include in ps7_cortexa9_0/libsrc/devcfg_v3_5/src"
make -C ps7_cortexa9_0/libsrc/devcfg_v3_5/src -s include  "SHELL=CMD" "COMPILER=arm-none-eabi-gcc" "ARCHIVER=arm-none-eabi-ar" "COMPILER_FLAGS=  -O2 -c" "EXTRA_COMPILER_FLAGS=-mcpu=cortex-a9 -mfpu=vfpv3 -mfloat-abi=hard -nostartfiles -Wall -Wextra"
"Running Make include in ps7_cortexa9_0/libsrc/dmaps_v2_3/src"
make -C ps7_cortexa9_0/libsrc/dmaps_v2_3/src -s include  "SHELL=CMD" "COMPILER=arm-none-eabi-gcc" "ARCHIVER=arm-none-eabi-ar" "COMPILER_FLAGS=  -O2 -c" "EXTRA_COMPILER_FLAGS=-mcpu=cortex-a9 -mfpu=vfpv3 -mfloat-abi=hard -nostartfiles -Wall -Wextra"
"Running Make include in ps7_cortexa9_0/libsrc/gpiops_v3_3/src"
make -C ps7_cortexa9_0/libsrc/gpiops_v3_3/src -s include  "SHELL=CMD" "COMPILER=arm-none-eabi-gcc" "ARCHIVER=arm-none-eabi-ar" "COMPILER_FLAGS=  -O2 -c" "EXTRA_COMPILER_FLAGS=-mcpu=cortex-a9 -mfpu=vfpv3 -mfloat-abi=hard -nostartfiles -Wall -Wextra"
"Running Make include in ps7_cortexa9_0/libsrc/qspips_v3_4/src"
make -C ps7_cortexa9_0/libsrc/qspips_v3_4/src -s include  "SHELL=CMD" "COMPILER=arm-none-eabi-gcc" "ARCHIVER=arm-none-eabi-ar" "COMPILER_FLAGS=  -O2 -c" "EXTRA_COMPILER_FLAGS=-mcpu=cortex-a9 -mfpu=vfpv3 -mfloat-abi=hard -nostartfiles -Wall -Wextra"
"Running Make include in ps7_cortexa9_0/libsrc/scugic_v3_8/src"
make -C ps7_cortexa9_0/libsrc/scugic_v3_8/src -s include  "SHELL=CMD" "COMPILER=arm-none-eabi-gcc" "ARCHIVER=arm-none-eabi-ar" "COMPILER_FLAGS=  -O2 -c" "EXTRA_COMPILER_FLAGS=-mcpu=cortex-a9 -mfpu=vfpv3 -mfloat-abi=hard -nostartfiles -Wall -Wextra"
"Running Make include in ps7_cortexa9_0/libsrc/scutimer_v2_1/src"
make -C ps7_cortexa9_0/libsrc/scutimer_v2_1/src -s include  "SHELL=CMD" "COMPILER=arm-none-eabi-gcc" "ARCHIVER=arm-none-eabi-ar" "COMPILER_FLAGS=  -O2 -c" "EXTRA_COMPILER_FLAGS=-mcpu=cortex-a9 -mfpu=vfpv3 -mfloat-abi=hard -nostartfiles -Wall -Wextra"
"Running Make include in ps7_cortexa9_0/libsrc/scuwdt_v2_1/src"
make -C ps7_cortexa9_0/libsrc/scuwdt_v2_1/src -s include  "SHELL=CMD" "COMPILER=arm-none-eabi-gcc" "ARCHIVER=arm-none-eabi-ar" "COMPILER_FLAGS=  -O2 -c" "EXTRA_COMPILER_FLAGS=-mcpu=cortex-a9 -mfpu=vfpv3 -mfloat-abi=hard -nostartfiles -Wall -Wextra"
"Running Make include in ps7_cortexa9_0/libsrc/standalone_v6_5/src"
make -C ps7_cortexa9_0/libsrc/standalone_v6_5/src -s include  "SHELL=CMD" "COMPILER=arm-none-eabi-gcc" "ARCHIVER=arm-none-eabi-ar" "COMPILER_FLAGS=  -O2 -c" "EXTRA_COMPILER_FLAGS=-mcpu=cortex-a9 -mfpu=vfpv3 -mfloat-abi=hard -nostartfiles -Wall -Wextra"
"Running Make include in ps7_cortexa9_0/libsrc/ttcps_v3_5/src"
make -C ps7_cortexa9_0/libsrc/ttcps_v3_5/src -s include  "SHELL=CMD" "COMPILER=arm-none-eabi-gcc" "ARCHIVER=arm-none-eabi-ar" "COMPILER_FLAGS=  -O2 -c" "EXTRA_COMPILER_FLAGS=-mcpu=cortex-a9 -mfpu=vfpv3 -mfloat-abi=hard -nostartfiles -Wall -Wextra"
"Running Make include in ps7_cortexa9_0/libsrc/uartps_v3_5/src"
make -C ps7_cortexa9_0/libsrc/uartps_v3_5/src -s include  "SHELL=CMD" "COMPILER=arm-none-eabi-gcc" "ARCHIVER=arm-none-eabi-ar" "COMPILER_FLAGS=  -O2 -c" "EXTRA_COMPILER_FLAGS=-mcpu=cortex-a9 -mfpu=vfpv3 -mfloat-abi=hard -nostartfiles -Wall -Wextra"
"Running Make include in ps7_cortexa9_0/libsrc/xadcps_v2_2/src"
make -C ps7_cortexa9_0/libsrc/xadcps_v2_2/src -s include  "SHELL=CMD" "COMPILER=arm-none-eabi-gcc" "ARCHIVER=arm-none-eabi-ar" "COMPILER_FLAGS=  -O2 -c" "EXTRA_COMPILER_FLAGS=-mcpu=cortex-a9 -mfpu=vfpv3 -mfloat-abi=hard -nostartfiles -Wall -Wextra"
"Running Make libs in ps7_cortexa9_0/libsrc/coresightps_dcc_v1_4/src"
make -C ps7_cortexa9_0/libsrc/coresightps_dcc_v1_4/src -s libs  "SHELL=CMD" "COMPILER=arm-none-eabi-gcc" "ARCHIVER=arm-none-eabi-ar" "COMPILER_FLAGS=  -O2 -c" "EXTRA_COMPILER_FLAGS=-mcpu=cortex-a9 -mfpu=vfpv3 -mfloat-abi=hard -nostartfiles -Wall -Wextra"
"Compiling coresightps_dcc"
arm-none-eabi-ar: creating ../../../lib/libxil.a
"Running Make libs in ps7_cortexa9_0/libsrc/cpu_cortexa9_v2_5/src"
make -C ps7_cortexa9_0/libsrc/cpu_cortexa9_v2_5/src -s libs  "SHELL=CMD" "COMPILER=arm-none-eabi-gcc" "ARCHIVER=arm-none-eabi-ar" "COMPILER_FLAGS=  -O2 -c" "EXTRA_COMPILER_FLAGS=-mcpu=cortex-a9 -mfpu=vfpv3 -mfloat-abi=hard -nostartfiles -Wall -Wextra"
"Compiling cpu_cortexa9"
"Running Make libs in ps7_cortexa9_0/libsrc/ddrps_v1_0/src"
make -C ps7_cortexa9_0/libsrc/ddrps_v1_0/src -s libs  "SHELL=CMD" "COMPILER=arm-none-eabi-gcc" "ARCHIVER=arm-none-eabi-ar" "COMPILER_FLAGS=  -O2 -c" "EXTRA_COMPILER_FLAGS=-mcpu=cortex-a9 -mfpu=vfpv3 -mfloat-abi=hard -nostartfiles -Wall -Wextra"
"Compiling ddrps"
"Running Make libs in ps7_cortexa9_0/libsrc/devcfg_v3_5/src"
make -C ps7_cortexa9_0/libsrc/devcfg_v3_5/src -s libs  "SHELL=CMD" "COMPILER=arm-none-eabi-gcc" "ARCHIVER=arm-none-eabi-ar" "COMPILER_FLAGS=  -O2 -c" "EXTRA_COMPILER_FLAGS=-mcpu=cortex-a9 -mfpu=vfpv3 -mfloat-abi=hard -nostartfiles -Wall -Wextra"
"Compiling devcfg"
"Running Make libs in ps7_cortexa9_0/libsrc/dmaps_v2_3/src"
make -C ps7_cortexa9_0/libsrc/dmaps_v2_3/src -s libs  "SHELL=CMD" "COMPILER=arm-none-eabi-gcc" "ARCHIVER=arm-none-eabi-ar" "COMPILER_FLAGS=  -O2 -c" "EXTRA_COMPILER_FLAGS=-mcpu=cortex-a9 -mfpu=vfpv3 -mfloat-abi=hard -nostartfiles -Wall -Wextra"
"Compiling dmaps"
"Running Make libs in ps7_cortexa9_0/libsrc/gpiops_v3_3/src"
make -C ps7_cortexa9_0/libsrc/gpiops_v3_3/src -s libs  "SHELL=CMD" "COMPILER=arm-none-eabi-gcc" "ARCHIVER=arm-none-eabi-ar" "COMPILER_FLAGS=  -O2 -c" "EXTRA_COMPILER_FLAGS=-mcpu=cortex-a9 -mfpu=vfpv3 -mfloat-abi=hard -nostartfiles -Wall -Wextra"
"Compiling gpiops"
"Running Make libs in ps7_cortexa9_0/libsrc/qspips_v3_4/src"
make -C ps7_cortexa9_0/libsrc/qspips_v3_4/src -s libs  "SHELL=CMD" "COMPILER=arm-none-eabi-gcc" "ARCHIVER=arm-none-eabi-ar" "COMPILER_FLAGS=  -O2 -c" "EXTRA_COMPILER_FLAGS=-mcpu=cortex-a9 -mfpu=vfpv3 -mfloat-abi=hard -nostartfiles -Wall -Wextra"
"Compiling qspips"
"Running Make libs in ps7_cortexa9_0/libsrc/scugic_v3_8/src"
make -C ps7_cortexa9_0/libsrc/scugic_v3_8/src -s libs  "SHELL=CMD" "COMPILER=arm-none-eabi-gcc" "ARCHIVER=arm-none-eabi-ar" "COMPILER_FLAGS=  -O2 -c" "EXTRA_COMPILER_FLAGS=-mcpu=cortex-a9 -mfpu=vfpv3 -mfloat-abi=hard -nostartfiles -Wall -Wextra"
"Compiling scugic"
"Running Make libs in ps7_cortexa9_0/libsrc/scutimer_v2_1/src"
make -C ps7_cortexa9_0/libsrc/scutimer_v2_1/src -s libs  "SHELL=CMD" "COMPILER=arm-none-eabi-gcc" "ARCHIVER=arm-none-eabi-ar" "COMPILER_FLAGS=  -O2 -c" "EXTRA_COMPILER_FLAGS=-mcpu=cortex-a9 -mfpu=vfpv3 -mfloat-abi=hard -nostartfiles -Wall -Wextra"
"Compiling scutimer"
"Running Make libs in ps7_cortexa9_0/libsrc/scuwdt_v2_1/src"
make -C ps7_cortexa9_0/libsrc/scuwdt_v2_1/src -s libs  "SHELL=CMD" "COMPILER=arm-none-eabi-gcc" "ARCHIVER=arm-none-eabi-ar" "COMPILER_FLAGS=  -O2 -c" "EXTRA_COMPILER_FLAGS=-mcpu=cortex-a9 -mfpu=vfpv3 -mfloat-abi=hard -nostartfiles -Wall -Wextra"
"Compiling scuwdt"
"Running Make libs in ps7_cortexa9_0/libsrc/standalone_v6_5/src"
make -C ps7_cortexa9_0/libsrc/standalone_v6_5/src -s libs  "SHELL=CMD" "COMPILER=arm-none-eabi-gcc" "ARCHIVER=arm-none-eabi-ar" "COMPILER_FLAGS=  -O2 -c" "EXTRA_COMPILER_FLAGS=-mcpu=cortex-a9 -mfpu=vfpv3 -mfloat-abi=hard -nostartfiles -Wall -Wextra"
"Compiling standalone"
"Running Make libs in ps7_cortexa9_0/libsrc/ttcps_v3_5/src"
make -C ps7_cortexa9_0/libsrc/ttcps_v3_5/src -s libs  "SHELL=CMD" "COMPILER=arm-none-eabi-gcc" "ARCHIVER=arm-none-eabi-ar" "COMPILER_FLAGS=  -O2 -c" "EXTRA_COMPILER_FLAGS=-mcpu=cortex-a9 -mfpu=vfpv3 -mfloat-abi=hard -nostartfiles -Wall -Wextra"
"Compiling ttcps"
"Running Make libs in ps7_cortexa9_0/libsrc/uartps_v3_5/src"
make -C ps7_cortexa9_0/libsrc/uartps_v3_5/src -s libs  "SHELL=CMD" "COMPILER=arm-none-eabi-gcc" "ARCHIVER=arm-none-eabi-ar" "COMPILER_FLAGS=  -O2 -c" "EXTRA_COMPILER_FLAGS=-mcpu=cortex-a9 -mfpu=vfpv3 -mfloat-abi=hard -nostartfiles -Wall -Wextra"
"Compiling uartps"
"Running Make libs in ps7_cortexa9_0/libsrc/xadcps_v2_2/src"
make -C ps7_cortexa9_0/libsrc/xadcps_v2_2/src -s libs  "SHELL=CMD" "COMPILER=arm-none-eabi-gcc" "ARCHIVER=arm-none-eabi-ar" "COMPILER_FLAGS=  -O2 -c" "EXTRA_COMPILER_FLAGS=-mcpu=cortex-a9 -mfpu=vfpv3 -mfloat-abi=hard -nostartfiles -Wall -Wextra"
"Compiling xadcps"
'Finished building libraries'
16:00:20 **** Build of configuration Debug for project CAM_PS_Configure ****
make pre-build main-build 
a9-linaro-pre-build-step
' '
'Building file: ../src/helloworld.c'
'Invoking: ARM v7 gcc compiler'
arm-none-eabi-gcc -Wall -O0 -g3 -c -fmessage-length=0 -MT"src/helloworld.o" -mcpu=cortex-a9 -mfpu=vfpv3 -mfloat-abi=hard -I../../CAM_PS_Configure_bsp/ps7_cortexa9_0/include -MMD -MP -MF"src/helloworld.d" -MT"src/helloworld.o" -o "src/helloworld.o" "../src/helloworld.c"
'Finished building: ../src/helloworld.c'
' '
'Building file: ../src/platform.c'
'Invoking: ARM v7 gcc compiler'
arm-none-eabi-gcc -Wall -O0 -g3 -c -fmessage-length=0 -MT"src/platform.o" -mcpu=cortex-a9 -mfpu=vfpv3 -mfloat-abi=hard -I../../CAM_PS_Configure_bsp/ps7_cortexa9_0/include -MMD -MP -MF"src/platform.d" -MT"src/platform.o" -o "src/platform.o" "../src/platform.c"
'Finished building: ../src/platform.c'
' '
'Building target: CAM_PS_Configure.elf'
'Invoking: ARM v7 gcc linker'
arm-none-eabi-gcc -mcpu=cortex-a9 -mfpu=vfpv3 -mfloat-abi=hard -Wl,-build-id=none -specs=Xilinx.spec -Wl,-T -Wl,../src/lscript.ld -L../../CAM_PS_Configure_bsp/ps7_cortexa9_0/lib -o "CAM_PS_Configure.elf"  ./src/helloworld.o ./src/platform.o   -Wl,--start-group,-lxil,-lgcc,-lc,--end-group
'Finished building target: CAM_PS_Configure.elf'
' '
'Invoking: ARM v7 Print Size'
arm-none-eabi-size CAM_PS_Configure.elf  |tee "CAM_PS_Configure.elf.size"
   text	   data	    bss	    dec	    hex	filename
  19384	   1148	  22568	  43100	   a85c	CAM_PS_Configure.elf
'Finished building: CAM_PS_Configure.elf.size'
' '
16:00:49 **** Clean-only build of configuration Debug for project CAM_PS_Configure ****
make clean 
rm -rf  ./src/helloworld.o ./src/platform.o  ./src/helloworld.d ./src/platform.d  CAM_PS_Configure.elf.size  CAM_PS_Configure.elf
' '
16:00:49 **** Auto Build of configuration Debug for project CAM_PS_Configure ****
make pre-build main-build 
a9-linaro-pre-build-step
' '
'Building file: ../src/driver/OV7725_drv.c'
'Invoking: ARM v7 gcc compiler'
arm-none-eabi-gcc -Wall -O0 -g3 -c -fmessage-length=0 -MT"src/driver/OV7725_drv.o" -mcpu=cortex-a9 -mfpu=vfpv3 -mfloat-abi=hard -I../../CAM_PS_Configure_bsp/ps7_cortexa9_0/include -MMD -MP -MF"src/driver/OV7725_drv.d" -MT"src/driver/OV7725_drv.o" -o "src/driver/OV7725_drv.o" "../src/driver/OV7725_drv.c"
'Finished building: ../src/driver/OV7725_drv.c'
' '
'Building file: ../src/driver/SCCB_drv.c'
'Invoking: ARM v7 gcc compiler'
arm-none-eabi-gcc -Wall -O0 -g3 -c -fmessage-length=0 -MT"src/driver/SCCB_drv.o" -mcpu=cortex-a9 -mfpu=vfpv3 -mfloat-abi=hard -I../../CAM_PS_Configure_bsp/ps7_cortexa9_0/include -MMD -MP -MF"src/driver/SCCB_drv.d" -MT"src/driver/SCCB_drv.o" -o "src/driver/SCCB_drv.o" "../src/driver/SCCB_drv.c"
../src/driver/SCCB_drv.c:91:13: warning: 'SCCB_Ack' defined but not used [-Wunused-function]
 static void SCCB_Ack(void)
             ^~~~~~~~
'Finished building: ../src/driver/SCCB_drv.c'
' '
'Building file: ../src/main.c'
'Invoking: ARM v7 gcc compiler'
arm-none-eabi-gcc -Wall -O0 -g3 -c -fmessage-length=0 -MT"src/main.o" -mcpu=cortex-a9 -mfpu=vfpv3 -mfloat-abi=hard -I../../CAM_PS_Configure_bsp/ps7_cortexa9_0/include -MMD -MP -MF"src/main.d" -MT"src/main.o" -o "src/main.o" "../src/main.c"
../src/main.c:55:22: fatal error: SCCB_drv.h: No such file or directory
 #include "SCCB_drv.h"
                      ^
compilation terminated.
make: *** [src/main.o] ´íÎó 1
16:01:35 **** Clean-only build of configuration Debug for project CAM_PS_Configure ****
make clean 
rm -rf  ./src/driver/OV7725_drv.o ./src/driver/SCCB_drv.o  ./src/main.o ./src/platform.o  ./src/driver/OV7725_drv.d ./src/driver/SCCB_drv.d  ./src/main.d ./src/platform.d  CAM_PS_Configure.elf.size  CAM_PS_Configure.elf
' '
16:01:36 **** Auto Build of configuration Debug for project CAM_PS_Configure ****
make pre-build main-build 
a9-linaro-pre-build-step
' '
'Building file: ../src/driver/OV7725_drv.c'
'Invoking: ARM v7 gcc compiler'
arm-none-eabi-gcc -Wall -O0 -g3 -I"E:\Proj_ZYNQ\CAM_VGA\CAM_VGA.sdk\CAM_PS_Configure\src" -I"E:\Proj_ZYNQ\CAM_VGA\CAM_VGA.sdk\CAM_PS_Configure\src\app" -I"E:\Proj_ZYNQ\CAM_VGA\CAM_VGA.sdk\CAM_PS_Configure\src\driver" -c -fmessage-length=0 -MT"src/driver/OV7725_drv.o" -mcpu=cortex-a9 -mfpu=vfpv3 -mfloat-abi=hard -I../../CAM_PS_Configure_bsp/ps7_cortexa9_0/include -MMD -MP -MF"src/driver/OV7725_drv.d" -MT"src/driver/OV7725_drv.o" -o "src/driver/OV7725_drv.o" "../src/driver/OV7725_drv.c"
'Finished building: ../src/driver/OV7725_drv.c'
' '
'Building file: ../src/driver/SCCB_drv.c'
'Invoking: ARM v7 gcc compiler'
arm-none-eabi-gcc -Wall -O0 -g3 -I"E:\Proj_ZYNQ\CAM_VGA\CAM_VGA.sdk\CAM_PS_Configure\src" -I"E:\Proj_ZYNQ\CAM_VGA\CAM_VGA.sdk\CAM_PS_Configure\src\app" -I"E:\Proj_ZYNQ\CAM_VGA\CAM_VGA.sdk\CAM_PS_Configure\src\driver" -c -fmessage-length=0 -MT"src/driver/SCCB_drv.o" -mcpu=cortex-a9 -mfpu=vfpv3 -mfloat-abi=hard -I../../CAM_PS_Configure_bsp/ps7_cortexa9_0/include -MMD -MP -MF"src/driver/SCCB_drv.d" -MT"src/driver/SCCB_drv.o" -o "src/driver/SCCB_drv.o" "../src/driver/SCCB_drv.c"
../src/driver/SCCB_drv.c:91:13: warning: 'SCCB_Ack' defined but not used [-Wunused-function]
 static void SCCB_Ack(void)
             ^~~~~~~~
'Finished building: ../src/driver/SCCB_drv.c'
' '
'Building file: ../src/main.c'
'Invoking: ARM v7 gcc compiler'
arm-none-eabi-gcc -Wall -O0 -g3 -I"E:\Proj_ZYNQ\CAM_VGA\CAM_VGA.sdk\CAM_PS_Configure\src" -I"E:\Proj_ZYNQ\CAM_VGA\CAM_VGA.sdk\CAM_PS_Configure\src\app" -I"E:\Proj_ZYNQ\CAM_VGA\CAM_VGA.sdk\CAM_PS_Configure\src\driver" -c -fmessage-length=0 -MT"src/main.o" -mcpu=cortex-a9 -mfpu=vfpv3 -mfloat-abi=hard -I../../CAM_PS_Configure_bsp/ps7_cortexa9_0/include -MMD -MP -MF"src/main.d" -MT"src/main.o" -o "src/main.o" "../src/main.c"
'Finished building: ../src/main.c'
' '
'Building file: ../src/platform.c'
'Invoking: ARM v7 gcc compiler'
arm-none-eabi-gcc -Wall -O0 -g3 -I"E:\Proj_ZYNQ\CAM_VGA\CAM_VGA.sdk\CAM_PS_Configure\src" -I"E:\Proj_ZYNQ\CAM_VGA\CAM_VGA.sdk\CAM_PS_Configure\src\app" -I"E:\Proj_ZYNQ\CAM_VGA\CAM_VGA.sdk\CAM_PS_Configure\src\driver" -c -fmessage-length=0 -MT"src/platform.o" -mcpu=cortex-a9 -mfpu=vfpv3 -mfloat-abi=hard -I../../CAM_PS_Configure_bsp/ps7_cortexa9_0/include -MMD -MP -MF"src/platform.d" -MT"src/platform.o" -o "src/platform.o" "../src/platform.c"
'Finished building: ../src/platform.c'
' '
'Building target: CAM_PS_Configure.elf'
'Invoking: ARM v7 gcc linker'
arm-none-eabi-gcc -mcpu=cortex-a9 -mfpu=vfpv3 -mfloat-abi=hard -Wl,-build-id=none -specs=Xilinx.spec -Wl,-T -Wl,../src/lscript.ld -L../../CAM_PS_Configure_bsp/ps7_cortexa9_0/lib -o "CAM_PS_Configure.elf"  ./src/driver/OV7725_drv.o ./src/driver/SCCB_drv.o  ./src/main.o ./src/platform.o   -Wl,--start-group,-lxil,-lgcc,-lc,--end-group
'Finished building target: CAM_PS_Configure.elf'
' '
'Invoking: ARM v7 Print Size'
arm-none-eabi-size CAM_PS_Configure.elf  |tee "CAM_PS_Configure.elf.size"
   text	   data	    bss	    dec	    hex	filename
  80908	   2608	  23376	 106892	  1a18c	CAM_PS_Configure.elf
'Finished building: CAM_PS_Configure.elf.size'
' '
16:01:37 **** Clean-only build of configuration Debug for project CAM_PS_Configure ****
make clean 
rm -rf  ./src/driver/OV7725_drv.o ./src/driver/SCCB_drv.o  ./src/main.o ./src/platform.o  ./src/driver/OV7725_drv.d ./src/driver/SCCB_drv.d  ./src/main.d ./src/platform.d  CAM_PS_Configure.elf.size  CAM_PS_Configure.elf
' '
16:01:38 **** Auto Build of configuration Debug for project CAM_PS_Configure ****
make pre-build main-build 
a9-linaro-pre-build-step
' '
'Building file: ../src/driver/OV7725_drv.c'
'Invoking: ARM v7 gcc compiler'
arm-none-eabi-gcc -Wall -O0 -g3 -I"E:\Proj_ZYNQ\CAM_VGA\CAM_VGA.sdk\CAM_PS_Configure\src" -I"E:\Proj_ZYNQ\CAM_VGA\CAM_VGA.sdk\CAM_PS_Configure\src\app" -I"E:\Proj_ZYNQ\CAM_VGA\CAM_VGA.sdk\CAM_PS_Configure\src\driver" -c -fmessage-length=0 -MT"src/driver/OV7725_drv.o" -mcpu=cortex-a9 -mfpu=vfpv3 -mfloat-abi=hard -I../../CAM_PS_Configure_bsp/ps7_cortexa9_0/include -MMD -MP -MF"src/driver/OV7725_drv.d" -MT"src/driver/OV7725_drv.o" -o "src/driver/OV7725_drv.o" "../src/driver/OV7725_drv.c"
'Finished building: ../src/driver/OV7725_drv.c'
' '
'Building file: ../src/driver/SCCB_drv.c'
'Invoking: ARM v7 gcc compiler'
arm-none-eabi-gcc -Wall -O0 -g3 -I"E:\Proj_ZYNQ\CAM_VGA\CAM_VGA.sdk\CAM_PS_Configure\src" -I"E:\Proj_ZYNQ\CAM_VGA\CAM_VGA.sdk\CAM_PS_Configure\src\app" -I"E:\Proj_ZYNQ\CAM_VGA\CAM_VGA.sdk\CAM_PS_Configure\src\driver" -c -fmessage-length=0 -MT"src/driver/SCCB_drv.o" -mcpu=cortex-a9 -mfpu=vfpv3 -mfloat-abi=hard -I../../CAM_PS_Configure_bsp/ps7_cortexa9_0/include -MMD -MP -MF"src/driver/SCCB_drv.d" -MT"src/driver/SCCB_drv.o" -o "src/driver/SCCB_drv.o" "../src/driver/SCCB_drv.c"
../src/driver/SCCB_drv.c:91:13: warning: 'SCCB_Ack' defined but not used [-Wunused-function]
 static void SCCB_Ack(void)
             ^~~~~~~~
'Finished building: ../src/driver/SCCB_drv.c'
' '
'Building file: ../src/main.c'
'Invoking: ARM v7 gcc compiler'
arm-none-eabi-gcc -Wall -O0 -g3 -I"E:\Proj_ZYNQ\CAM_VGA\CAM_VGA.sdk\CAM_PS_Configure\src" -I"E:\Proj_ZYNQ\CAM_VGA\CAM_VGA.sdk\CAM_PS_Configure\src\app" -I"E:\Proj_ZYNQ\CAM_VGA\CAM_VGA.sdk\CAM_PS_Configure\src\driver" -c -fmessage-length=0 -MT"src/main.o" -mcpu=cortex-a9 -mfpu=vfpv3 -mfloat-abi=hard -I../../CAM_PS_Configure_bsp/ps7_cortexa9_0/include -MMD -MP -MF"src/main.d" -MT"src/main.o" -o "src/main.o" "../src/main.c"
'Finished building: ../src/main.c'
' '
'Building file: ../src/platform.c'
'Invoking: ARM v7 gcc compiler'
arm-none-eabi-gcc -Wall -O0 -g3 -I"E:\Proj_ZYNQ\CAM_VGA\CAM_VGA.sdk\CAM_PS_Configure\src" -I"E:\Proj_ZYNQ\CAM_VGA\CAM_VGA.sdk\CAM_PS_Configure\src\app" -I"E:\Proj_ZYNQ\CAM_VGA\CAM_VGA.sdk\CAM_PS_Configure\src\driver" -c -fmessage-length=0 -MT"src/platform.o" -mcpu=cortex-a9 -mfpu=vfpv3 -mfloat-abi=hard -I../../CAM_PS_Configure_bsp/ps7_cortexa9_0/include -MMD -MP -MF"src/platform.d" -MT"src/platform.o" -o "src/platform.o" "../src/platform.c"
'Finished building: ../src/platform.c'
' '
'Building target: CAM_PS_Configure.elf'
'Invoking: ARM v7 gcc linker'
arm-none-eabi-gcc -mcpu=cortex-a9 -mfpu=vfpv3 -mfloat-abi=hard -Wl,-build-id=none -specs=Xilinx.spec -Wl,-T -Wl,../src/lscript.ld -L../../CAM_PS_Configure_bsp/ps7_cortexa9_0/lib -o "CAM_PS_Configure.elf"  ./src/driver/OV7725_drv.o ./src/driver/SCCB_drv.o  ./src/main.o ./src/platform.o   -Wl,--start-group,-lxil,-lgcc,-lc,--end-group
'Finished building target: CAM_PS_Configure.elf'
' '
'Invoking: ARM v7 Print Size'
arm-none-eabi-size CAM_PS_Configure.elf  |tee "CAM_PS_Configure.elf.size"
   text	   data	    bss	    dec	    hex	filename
  80908	   2608	  23376	 106892	  1a18c	CAM_PS_Configure.elf
'Finished building: CAM_PS_Configure.elf.size'
' '
16:01:59 **** Auto Build of configuration Debug for project CAM_PS_Configure ****
make pre-build main-build 
a9-linaro-pre-build-step
' '
'Building file: ../src/main.c'
'Invoking: ARM v7 gcc compiler'
arm-none-eabi-gcc -Wall -O0 -g3 -I"E:\Proj_ZYNQ\CAM_VGA\CAM_VGA.sdk\CAM_PS_Configure\src" -I"E:\Proj_ZYNQ\CAM_VGA\CAM_VGA.sdk\CAM_PS_Configure\src\app" -I"E:\Proj_ZYNQ\CAM_VGA\CAM_VGA.sdk\CAM_PS_Configure\src\driver" -c -fmessage-length=0 -MT"src/main.o" -mcpu=cortex-a9 -mfpu=vfpv3 -mfloat-abi=hard -I../../CAM_PS_Configure_bsp/ps7_cortexa9_0/include -MMD -MP -MF"src/main.d" -MT"src/main.o" -o "src/main.o" "../src/main.c"
'Finished building: ../src/main.c'
' '
'Building target: CAM_PS_Configure.elf'
'Invoking: ARM v7 gcc linker'
arm-none-eabi-gcc -mcpu=cortex-a9 -mfpu=vfpv3 -mfloat-abi=hard -Wl,-build-id=none -specs=Xilinx.spec -Wl,-T -Wl,../src/lscript.ld -L../../CAM_PS_Configure_bsp/ps7_cortexa9_0/lib -o "CAM_PS_Configure.elf"  ./src/driver/OV7725_drv.o ./src/driver/SCCB_drv.o  ./src/main.o ./src/platform.o   -Wl,--start-group,-lxil,-lgcc,-lc,--end-group
'Finished building target: CAM_PS_Configure.elf'
' '
'Invoking: ARM v7 Print Size'
arm-none-eabi-size CAM_PS_Configure.elf  |tee "CAM_PS_Configure.elf.size"
   text	   data	    bss	    dec	    hex	filename
  80972	   2608	  23376	 106956	  1a1cc	CAM_PS_Configure.elf
'Finished building: CAM_PS_Configure.elf.size'
' '
16:01:59 **** Incremental Build of configuration Debug for project CAM_PS_Configure ****
make pre-build main-build 
a9-linaro-pre-build-step
' '
make: Nothing to be done for `main-build'.
16:02:05 **** Incremental Build of configuration Debug for project CAM_PS_Configure ****
make pre-build main-build 
a9-linaro-pre-build-step
' '
make: Nothing to be done for `main-build'.
16:03:11 **** Incremental Build of configuration Debug for project CAM_PS_Configure ****
make pre-build main-build 
a9-linaro-pre-build-step
' '
make: Nothing to be done for `main-build'.
16:19:47 **** Incremental Build of configuration Debug for project CAM_PS_Configure ****
make pre-build main-build 
a9-linaro-pre-build-step
' '
make: Nothing to be done for `main-build'.
16:20:24 **** Incremental Build of configuration Debug for project CAM_PS_Configure ****
make pre-build main-build 
a9-linaro-pre-build-step
' '
make: Nothing to be done for `main-build'.
16:23:40 **** Incremental Build of configuration Debug for project CAM_PS_Configure ****
make pre-build main-build 
a9-linaro-pre-build-step
' '
make: Nothing to be done for `main-build'.
18:03:28 **** Incremental Build of configuration Debug for project CAM_PS_Configure ****
make pre-build main-build 
a9-linaro-pre-build-step
' '
make: Nothing to be done for `main-build'.
18:44:45 **** Build of project CAM_PS_Configure_bsp ****
make -k all 
"Running Make include in ps7_cortexa9_0/libsrc/coresightps_dcc_v1_4/src"
make -C ps7_cortexa9_0/libsrc/coresightps_dcc_v1_4/src -s include  "SHELL=CMD" "COMPILER=arm-none-eabi-gcc" "ARCHIVER=arm-none-eabi-ar" "COMPILER_FLAGS=  -O2 -c" "EXTRA_COMPILER_FLAGS=-mcpu=cortex-a9 -mfpu=vfpv3 -mfloat-abi=hard -nostartfiles -Wall -Wextra"
"Running Make include in ps7_cortexa9_0/libsrc/cpu_cortexa9_v2_5/src"
make -C ps7_cortexa9_0/libsrc/cpu_cortexa9_v2_5/src -s include  "SHELL=CMD" "COMPILER=arm-none-eabi-gcc" "ARCHIVER=arm-none-eabi-ar" "COMPILER_FLAGS=  -O2 -c" "EXTRA_COMPILER_FLAGS=-mcpu=cortex-a9 -mfpu=vfpv3 -mfloat-abi=hard -nostartfiles -Wall -Wextra"
"Running Make include in ps7_cortexa9_0/libsrc/ddrps_v1_0/src"
make -C ps7_cortexa9_0/libsrc/ddrps_v1_0/src -s include  "SHELL=CMD" "COMPILER=arm-none-eabi-gcc" "ARCHIVER=arm-none-eabi-ar" "COMPILER_FLAGS=  -O2 -c" "EXTRA_COMPILER_FLAGS=-mcpu=cortex-a9 -mfpu=vfpv3 -mfloat-abi=hard -nostartfiles -Wall -Wextra"
"Running Make include in ps7_cortexa9_0/libsrc/devcfg_v3_5/src"
make -C ps7_cortexa9_0/libsrc/devcfg_v3_5/src -s include  "SHELL=CMD" "COMPILER=arm-none-eabi-gcc" "ARCHIVER=arm-none-eabi-ar" "COMPILER_FLAGS=  -O2 -c" "EXTRA_COMPILER_FLAGS=-mcpu=cortex-a9 -mfpu=vfpv3 -mfloat-abi=hard -nostartfiles -Wall -Wextra"
"Running Make include in ps7_cortexa9_0/libsrc/dmaps_v2_3/src"
make -C ps7_cortexa9_0/libsrc/dmaps_v2_3/src -s include  "SHELL=CMD" "COMPILER=arm-none-eabi-gcc" "ARCHIVER=arm-none-eabi-ar" "COMPILER_FLAGS=  -O2 -c" "EXTRA_COMPILER_FLAGS=-mcpu=cortex-a9 -mfpu=vfpv3 -mfloat-abi=hard -nostartfiles -Wall -Wextra"
"Running Make include in ps7_cortexa9_0/libsrc/gpiops_v3_3/src"
make -C ps7_cortexa9_0/libsrc/gpiops_v3_3/src -s include  "SHELL=CMD" "COMPILER=arm-none-eabi-gcc" "ARCHIVER=arm-none-eabi-ar" "COMPILER_FLAGS=  -O2 -c" "EXTRA_COMPILER_FLAGS=-mcpu=cortex-a9 -mfpu=vfpv3 -mfloat-abi=hard -nostartfiles -Wall -Wextra"
"Running Make include in ps7_cortexa9_0/libsrc/qspips_v3_4/src"
make -C ps7_cortexa9_0/libsrc/qspips_v3_4/src -s include  "SHELL=CMD" "COMPILER=arm-none-eabi-gcc" "ARCHIVER=arm-none-eabi-ar" "COMPILER_FLAGS=  -O2 -c" "EXTRA_COMPILER_FLAGS=-mcpu=cortex-a9 -mfpu=vfpv3 -mfloat-abi=hard -nostartfiles -Wall -Wextra"
"Running Make include in ps7_cortexa9_0/libsrc/scugic_v3_8/src"
make -C ps7_cortexa9_0/libsrc/scugic_v3_8/src -s include  "SHELL=CMD" "COMPILER=arm-none-eabi-gcc" "ARCHIVER=arm-none-eabi-ar" "COMPILER_FLAGS=  -O2 -c" "EXTRA_COMPILER_FLAGS=-mcpu=cortex-a9 -mfpu=vfpv3 -mfloat-abi=hard -nostartfiles -Wall -Wextra"
"Running Make include in ps7_cortexa9_0/libsrc/scutimer_v2_1/src"
make -C ps7_cortexa9_0/libsrc/scutimer_v2_1/src -s include  "SHELL=CMD" "COMPILER=arm-none-eabi-gcc" "ARCHIVER=arm-none-eabi-ar" "COMPILER_FLAGS=  -O2 -c" "EXTRA_COMPILER_FLAGS=-mcpu=cortex-a9 -mfpu=vfpv3 -mfloat-abi=hard -nostartfiles -Wall -Wextra"
"Running Make include in ps7_cortexa9_0/libsrc/scuwdt_v2_1/src"
make -C ps7_cortexa9_0/libsrc/scuwdt_v2_1/src -s include  "SHELL=CMD" "COMPILER=arm-none-eabi-gcc" "ARCHIVER=arm-none-eabi-ar" "COMPILER_FLAGS=  -O2 -c" "EXTRA_COMPILER_FLAGS=-mcpu=cortex-a9 -mfpu=vfpv3 -mfloat-abi=hard -nostartfiles -Wall -Wextra"
"Running Make include in ps7_cortexa9_0/libsrc/standalone_v6_5/src"
make -C ps7_cortexa9_0/libsrc/standalone_v6_5/src -s include  "SHELL=CMD" "COMPILER=arm-none-eabi-gcc" "ARCHIVER=arm-none-eabi-ar" "COMPILER_FLAGS=  -O2 -c" "EXTRA_COMPILER_FLAGS=-mcpu=cortex-a9 -mfpu=vfpv3 -mfloat-abi=hard -nostartfiles -Wall -Wextra"
"Running Make include in ps7_cortexa9_0/libsrc/ttcps_v3_5/src"
make -C ps7_cortexa9_0/libsrc/ttcps_v3_5/src -s include  "SHELL=CMD" "COMPILER=arm-none-eabi-gcc" "ARCHIVER=arm-none-eabi-ar" "COMPILER_FLAGS=  -O2 -c" "EXTRA_COMPILER_FLAGS=-mcpu=cortex-a9 -mfpu=vfpv3 -mfloat-abi=hard -nostartfiles -Wall -Wextra"
"Running Make include in ps7_cortexa9_0/libsrc/uartps_v3_5/src"
make -C ps7_cortexa9_0/libsrc/uartps_v3_5/src -s include  "SHELL=CMD" "COMPILER=arm-none-eabi-gcc" "ARCHIVER=arm-none-eabi-ar" "COMPILER_FLAGS=  -O2 -c" "EXTRA_COMPILER_FLAGS=-mcpu=cortex-a9 -mfpu=vfpv3 -mfloat-abi=hard -nostartfiles -Wall -Wextra"
"Running Make include in ps7_cortexa9_0/libsrc/xadcps_v2_2/src"
make -C ps7_cortexa9_0/libsrc/xadcps_v2_2/src -s include  "SHELL=CMD" "COMPILER=arm-none-eabi-gcc" "ARCHIVER=arm-none-eabi-ar" "COMPILER_FLAGS=  -O2 -c" "EXTRA_COMPILER_FLAGS=-mcpu=cortex-a9 -mfpu=vfpv3 -mfloat-abi=hard -nostartfiles -Wall -Wextra"
"Running Make libs in ps7_cortexa9_0/libsrc/coresightps_dcc_v1_4/src"
make -C ps7_cortexa9_0/libsrc/coresightps_dcc_v1_4/src -s libs  "SHELL=CMD" "COMPILER=arm-none-eabi-gcc" "ARCHIVER=arm-none-eabi-ar" "COMPILER_FLAGS=  -O2 -c" "EXTRA_COMPILER_FLAGS=-mcpu=cortex-a9 -mfpu=vfpv3 -mfloat-abi=hard -nostartfiles -Wall -Wextra"
"Compiling coresightps_dcc"
arm-none-eabi-ar: creating ../../../lib/libxil.a
"Running Make libs in ps7_cortexa9_0/libsrc/cpu_cortexa9_v2_5/src"
make -C ps7_cortexa9_0/libsrc/cpu_cortexa9_v2_5/src -s libs  "SHELL=CMD" "COMPILER=arm-none-eabi-gcc" "ARCHIVER=arm-none-eabi-ar" "COMPILER_FLAGS=  -O2 -c" "EXTRA_COMPILER_FLAGS=-mcpu=cortex-a9 -mfpu=vfpv3 -mfloat-abi=hard -nostartfiles -Wall -Wextra"
"Compiling cpu_cortexa9"
"Running Make libs in ps7_cortexa9_0/libsrc/ddrps_v1_0/src"
make -C ps7_cortexa9_0/libsrc/ddrps_v1_0/src -s libs  "SHELL=CMD" "COMPILER=arm-none-eabi-gcc" "ARCHIVER=arm-none-eabi-ar" "COMPILER_FLAGS=  -O2 -c" "EXTRA_COMPILER_FLAGS=-mcpu=cortex-a9 -mfpu=vfpv3 -mfloat-abi=hard -nostartfiles -Wall -Wextra"
"Compiling ddrps"
"Running Make libs in ps7_cortexa9_0/libsrc/devcfg_v3_5/src"
make -C ps7_cortexa9_0/libsrc/devcfg_v3_5/src -s libs  "SHELL=CMD" "COMPILER=arm-none-eabi-gcc" "ARCHIVER=arm-none-eabi-ar" "COMPILER_FLAGS=  -O2 -c" "EXTRA_COMPILER_FLAGS=-mcpu=cortex-a9 -mfpu=vfpv3 -mfloat-abi=hard -nostartfiles -Wall -Wextra"
"Compiling devcfg"
"Running Make libs in ps7_cortexa9_0/libsrc/dmaps_v2_3/src"
make -C ps7_cortexa9_0/libsrc/dmaps_v2_3/src -s libs  "SHELL=CMD" "COMPILER=arm-none-eabi-gcc" "ARCHIVER=arm-none-eabi-ar" "COMPILER_FLAGS=  -O2 -c" "EXTRA_COMPILER_FLAGS=-mcpu=cortex-a9 -mfpu=vfpv3 -mfloat-abi=hard -nostartfiles -Wall -Wextra"
"Compiling dmaps"
"Running Make libs in ps7_cortexa9_0/libsrc/gpiops_v3_3/src"
make -C ps7_cortexa9_0/libsrc/gpiops_v3_3/src -s libs  "SHELL=CMD" "COMPILER=arm-none-eabi-gcc" "ARCHIVER=arm-none-eabi-ar" "COMPILER_FLAGS=  -O2 -c" "EXTRA_COMPILER_FLAGS=-mcpu=cortex-a9 -mfpu=vfpv3 -mfloat-abi=hard -nostartfiles -Wall -Wextra"
"Compiling gpiops"
"Running Make libs in ps7_cortexa9_0/libsrc/qspips_v3_4/src"
make -C ps7_cortexa9_0/libsrc/qspips_v3_4/src -s libs  "SHELL=CMD" "COMPILER=arm-none-eabi-gcc" "ARCHIVER=arm-none-eabi-ar" "COMPILER_FLAGS=  -O2 -c" "EXTRA_COMPILER_FLAGS=-mcpu=cortex-a9 -mfpu=vfpv3 -mfloat-abi=hard -nostartfiles -Wall -Wextra"
"Compiling qspips"
"Running Make libs in ps7_cortexa9_0/libsrc/scugic_v3_8/src"
make -C ps7_cortexa9_0/libsrc/scugic_v3_8/src -s libs  "SHELL=CMD" "COMPILER=arm-none-eabi-gcc" "ARCHIVER=arm-none-eabi-ar" "COMPILER_FLAGS=  -O2 -c" "EXTRA_COMPILER_FLAGS=-mcpu=cortex-a9 -mfpu=vfpv3 -mfloat-abi=hard -nostartfiles -Wall -Wextra"
"Compiling scugic"
"Running Make libs in ps7_cortexa9_0/libsrc/scutimer_v2_1/src"
make -C ps7_cortexa9_0/libsrc/scutimer_v2_1/src -s libs  "SHELL=CMD" "COMPILER=arm-none-eabi-gcc" "ARCHIVER=arm-none-eabi-ar" "COMPILER_FLAGS=  -O2 -c" "EXTRA_COMPILER_FLAGS=-mcpu=cortex-a9 -mfpu=vfpv3 -mfloat-abi=hard -nostartfiles -Wall -Wextra"
"Compiling scutimer"
"Running Make libs in ps7_cortexa9_0/libsrc/scuwdt_v2_1/src"
make -C ps7_cortexa9_0/libsrc/scuwdt_v2_1/src -s libs  "SHELL=CMD" "COMPILER=arm-none-eabi-gcc" "ARCHIVER=arm-none-eabi-ar" "COMPILER_FLAGS=  -O2 -c" "EXTRA_COMPILER_FLAGS=-mcpu=cortex-a9 -mfpu=vfpv3 -mfloat-abi=hard -nostartfiles -Wall -Wextra"
"Compiling scuwdt"
"Running Make libs in ps7_cortexa9_0/libsrc/standalone_v6_5/src"
make -C ps7_cortexa9_0/libsrc/standalone_v6_5/src -s libs  "SHELL=CMD" "COMPILER=arm-none-eabi-gcc" "ARCHIVER=arm-none-eabi-ar" "COMPILER_FLAGS=  -O2 -c" "EXTRA_COMPILER_FLAGS=-mcpu=cortex-a9 -mfpu=vfpv3 -mfloat-abi=hard -nostartfiles -Wall -Wextra"
"Compiling standalone"
"Running Make libs in ps7_cortexa9_0/libsrc/ttcps_v3_5/src"
make -C ps7_cortexa9_0/libsrc/ttcps_v3_5/src -s libs  "SHELL=CMD" "COMPILER=arm-none-eabi-gcc" "ARCHIVER=arm-none-eabi-ar" "COMPILER_FLAGS=  -O2 -c" "EXTRA_COMPILER_FLAGS=-mcpu=cortex-a9 -mfpu=vfpv3 -mfloat-abi=hard -nostartfiles -Wall -Wextra"
"Compiling ttcps"
"Running Make libs in ps7_cortexa9_0/libsrc/uartps_v3_5/src"
make -C ps7_cortexa9_0/libsrc/uartps_v3_5/src -s libs  "SHELL=CMD" "COMPILER=arm-none-eabi-gcc" "ARCHIVER=arm-none-eabi-ar" "COMPILER_FLAGS=  -O2 -c" "EXTRA_COMPILER_FLAGS=-mcpu=cortex-a9 -mfpu=vfpv3 -mfloat-abi=hard -nostartfiles -Wall -Wextra"
"Compiling uartps"
"Running Make libs in ps7_cortexa9_0/libsrc/xadcps_v2_2/src"
make -C ps7_cortexa9_0/libsrc/xadcps_v2_2/src -s libs  "SHELL=CMD" "COMPILER=arm-none-eabi-gcc" "ARCHIVER=arm-none-eabi-ar" "COMPILER_FLAGS=  -O2 -c" "EXTRA_COMPILER_FLAGS=-mcpu=cortex-a9 -mfpu=vfpv3 -mfloat-abi=hard -nostartfiles -Wall -Wextra"
"Compiling xadcps"
'Finished building libraries'
18:44:59 **** Build of configuration Debug for project CAM_PS_Configure ****
make pre-build main-build 
a9-linaro-pre-build-step
' '
make: *** Ã»ÓÐ¹æÔò¿ÉÒÔ´´½¨¡°CAM_PS_Configure.elf¡±ÐèÒªµÄÄ¿±ê¡°src/helloworld.o¡±¡£ Í£Ö¹¡£
18:45:42 **** Clean-only build of configuration Debug for project CAM_PS_Configure ****
make clean 
rm -rf  ./src/helloworld.o ./src/platform.o  ./src/helloworld.d ./src/platform.d  CAM_PS_Configure.elf.size  CAM_PS_Configure.elf
' '
18:45:43 **** Auto Build of configuration Debug for project CAM_PS_Configure ****
make pre-build main-build 
a9-linaro-pre-build-step
' '
'Building file: ../src/driver/OV7725_drv.c'
'Invoking: ARM v7 gcc compiler'
arm-none-eabi-gcc -Wall -O0 -g3 -I"E:\Proj_ZYNQ\CAM_VGA\CAM_VGA.sdk\CAM_PS_Configure\src" -I"E:\Proj_ZYNQ\CAM_VGA\CAM_VGA.sdk\CAM_PS_Configure\src\app" -I"E:\Proj_ZYNQ\CAM_VGA\CAM_VGA.sdk\CAM_PS_Configure\src\driver" -c -fmessage-length=0 -MT"src/driver/OV7725_drv.o" -mcpu=cortex-a9 -mfpu=vfpv3 -mfloat-abi=hard -I../../CAM_PS_Configure_bsp/ps7_cortexa9_0/include -MMD -MP -MF"src/driver/OV7725_drv.d" -MT"src/driver/OV7725_drv.o" -o "src/driver/OV7725_drv.o" "../src/driver/OV7725_drv.c"
'Finished building: ../src/driver/OV7725_drv.c'
' '
'Building file: ../src/driver/SCCB_drv.c'
'Invoking: ARM v7 gcc compiler'
arm-none-eabi-gcc -Wall -O0 -g3 -I"E:\Proj_ZYNQ\CAM_VGA\CAM_VGA.sdk\CAM_PS_Configure\src" -I"E:\Proj_ZYNQ\CAM_VGA\CAM_VGA.sdk\CAM_PS_Configure\src\app" -I"E:\Proj_ZYNQ\CAM_VGA\CAM_VGA.sdk\CAM_PS_Configure\src\driver" -c -fmessage-length=0 -MT"src/driver/SCCB_drv.o" -mcpu=cortex-a9 -mfpu=vfpv3 -mfloat-abi=hard -I../../CAM_PS_Configure_bsp/ps7_cortexa9_0/include -MMD -MP -MF"src/driver/SCCB_drv.d" -MT"src/driver/SCCB_drv.o" -o "src/driver/SCCB_drv.o" "../src/driver/SCCB_drv.c"
../src/driver/SCCB_drv.c:91:13: warning: 'SCCB_Ack' defined but not used [-Wunused-function]
 static void SCCB_Ack(void)
             ^~~~~~~~
'Finished building: ../src/driver/SCCB_drv.c'
' '
'Building file: ../src/main.c'
'Invoking: ARM v7 gcc compiler'
arm-none-eabi-gcc -Wall -O0 -g3 -I"E:\Proj_ZYNQ\CAM_VGA\CAM_VGA.sdk\CAM_PS_Configure\src" -I"E:\Proj_ZYNQ\CAM_VGA\CAM_VGA.sdk\CAM_PS_Configure\src\app" -I"E:\Proj_ZYNQ\CAM_VGA\CAM_VGA.sdk\CAM_PS_Configure\src\driver" -c -fmessage-length=0 -MT"src/main.o" -mcpu=cortex-a9 -mfpu=vfpv3 -mfloat-abi=hard -I../../CAM_PS_Configure_bsp/ps7_cortexa9_0/include -MMD -MP -MF"src/main.d" -MT"src/main.o" -o "src/main.o" "../src/main.c"
'Finished building: ../src/main.c'
' '
'Building file: ../src/platform.c'
'Invoking: ARM v7 gcc compiler'
arm-none-eabi-gcc -Wall -O0 -g3 -I"E:\Proj_ZYNQ\CAM_VGA\CAM_VGA.sdk\CAM_PS_Configure\src" -I"E:\Proj_ZYNQ\CAM_VGA\CAM_VGA.sdk\CAM_PS_Configure\src\app" -I"E:\Proj_ZYNQ\CAM_VGA\CAM_VGA.sdk\CAM_PS_Configure\src\driver" -c -fmessage-length=0 -MT"src/platform.o" -mcpu=cortex-a9 -mfpu=vfpv3 -mfloat-abi=hard -I../../CAM_PS_Configure_bsp/ps7_cortexa9_0/include -MMD -MP -MF"src/platform.d" -MT"src/platform.o" -o "src/platform.o" "../src/platform.c"
'Finished building: ../src/platform.c'
' '
'Building target: CAM_PS_Configure.elf'
'Invoking: ARM v7 gcc linker'
arm-none-eabi-gcc -mcpu=cortex-a9 -mfpu=vfpv3 -mfloat-abi=hard -Wl,-build-id=none -specs=Xilinx.spec -Wl,-T -Wl,../src/lscript.ld -L../../CAM_PS_Configure_bsp/ps7_cortexa9_0/lib -o "CAM_PS_Configure.elf"  ./src/driver/OV7725_drv.o ./src/driver/SCCB_drv.o  ./src/main.o ./src/platform.o   -Wl,--start-group,-lxil,-lgcc,-lc,--end-group
'Finished building target: CAM_PS_Configure.elf'
' '
'Invoking: ARM v7 Print Size'
arm-none-eabi-size CAM_PS_Configure.elf  |tee "CAM_PS_Configure.elf.size"
   text	   data	    bss	    dec	    hex	filename
  80908	   2608	  23376	 106892	  1a18c	CAM_PS_Configure.elf
'Finished building: CAM_PS_Configure.elf.size'
' '
18:45:44 **** Clean-only build of configuration Debug for project CAM_PS_Configure ****
make clean 
rm -rf  ./src/driver/OV7725_drv.o ./src/driver/SCCB_drv.o  ./src/main.o ./src/platform.o  ./src/driver/OV7725_drv.d ./src/driver/SCCB_drv.d  ./src/main.d ./src/platform.d  CAM_PS_Configure.elf.size  CAM_PS_Configure.elf
' '
18:45:44 **** Auto Build of configuration Debug for project CAM_PS_Configure ****
make pre-build main-build 
a9-linaro-pre-build-step
' '
'Building file: ../src/driver/OV7725_drv.c'
'Invoking: ARM v7 gcc compiler'
arm-none-eabi-gcc -Wall -O0 -g3 -I"E:\Proj_ZYNQ\CAM_VGA\CAM_VGA.sdk\CAM_PS_Configure\src" -I"E:\Proj_ZYNQ\CAM_VGA\CAM_VGA.sdk\CAM_PS_Configure\src\app" -I"E:\Proj_ZYNQ\CAM_VGA\CAM_VGA.sdk\CAM_PS_Configure\src\driver" -c -fmessage-length=0 -MT"src/driver/OV7725_drv.o" -mcpu=cortex-a9 -mfpu=vfpv3 -mfloat-abi=hard -I../../CAM_PS_Configure_bsp/ps7_cortexa9_0/include -MMD -MP -MF"src/driver/OV7725_drv.d" -MT"src/driver/OV7725_drv.o" -o "src/driver/OV7725_drv.o" "../src/driver/OV7725_drv.c"
'Finished building: ../src/driver/OV7725_drv.c'
' '
'Building file: ../src/driver/SCCB_drv.c'
'Invoking: ARM v7 gcc compiler'
arm-none-eabi-gcc -Wall -O0 -g3 -I"E:\Proj_ZYNQ\CAM_VGA\CAM_VGA.sdk\CAM_PS_Configure\src" -I"E:\Proj_ZYNQ\CAM_VGA\CAM_VGA.sdk\CAM_PS_Configure\src\app" -I"E:\Proj_ZYNQ\CAM_VGA\CAM_VGA.sdk\CAM_PS_Configure\src\driver" -c -fmessage-length=0 -MT"src/driver/SCCB_drv.o" -mcpu=cortex-a9 -mfpu=vfpv3 -mfloat-abi=hard -I../../CAM_PS_Configure_bsp/ps7_cortexa9_0/include -MMD -MP -MF"src/driver/SCCB_drv.d" -MT"src/driver/SCCB_drv.o" -o "src/driver/SCCB_drv.o" "../src/driver/SCCB_drv.c"
../src/driver/SCCB_drv.c:91:13: warning: 'SCCB_Ack' defined but not used [-Wunused-function]
 static void SCCB_Ack(void)
             ^~~~~~~~
'Finished building: ../src/driver/SCCB_drv.c'
' '
'Building file: ../src/main.c'
'Invoking: ARM v7 gcc compiler'
arm-none-eabi-gcc -Wall -O0 -g3 -I"E:\Proj_ZYNQ\CAM_VGA\CAM_VGA.sdk\CAM_PS_Configure\src" -I"E:\Proj_ZYNQ\CAM_VGA\CAM_VGA.sdk\CAM_PS_Configure\src\app" -I"E:\Proj_ZYNQ\CAM_VGA\CAM_VGA.sdk\CAM_PS_Configure\src\driver" -c -fmessage-length=0 -MT"src/main.o" -mcpu=cortex-a9 -mfpu=vfpv3 -mfloat-abi=hard -I../../CAM_PS_Configure_bsp/ps7_cortexa9_0/include -MMD -MP -MF"src/main.d" -MT"src/main.o" -o "src/main.o" "../src/main.c"
'Finished building: ../src/main.c'
' '
'Building file: ../src/platform.c'
'Invoking: ARM v7 gcc compiler'
arm-none-eabi-gcc -Wall -O0 -g3 -I"E:\Proj_ZYNQ\CAM_VGA\CAM_VGA.sdk\CAM_PS_Configure\src" -I"E:\Proj_ZYNQ\CAM_VGA\CAM_VGA.sdk\CAM_PS_Configure\src\app" -I"E:\Proj_ZYNQ\CAM_VGA\CAM_VGA.sdk\CAM_PS_Configure\src\driver" -c -fmessage-length=0 -MT"src/platform.o" -mcpu=cortex-a9 -mfpu=vfpv3 -mfloat-abi=hard -I../../CAM_PS_Configure_bsp/ps7_cortexa9_0/include -MMD -MP -MF"src/platform.d" -MT"src/platform.o" -o "src/platform.o" "../src/platform.c"
'Finished building: ../src/platform.c'
' '
'Building target: CAM_PS_Configure.elf'
'Invoking: ARM v7 gcc linker'
arm-none-eabi-gcc -mcpu=cortex-a9 -mfpu=vfpv3 -mfloat-abi=hard -Wl,-build-id=none -specs=Xilinx.spec -Wl,-T -Wl,../src/lscript.ld -L../../CAM_PS_Configure_bsp/ps7_cortexa9_0/lib -o "CAM_PS_Configure.elf"  ./src/driver/OV7725_drv.o ./src/driver/SCCB_drv.o  ./src/main.o ./src/platform.o   -Wl,--start-group,-lxil,-lgcc,-lc,--end-group
'Finished building target: CAM_PS_Configure.elf'
' '
'Invoking: ARM v7 Print Size'
arm-none-eabi-size CAM_PS_Configure.elf  |tee "CAM_PS_Configure.elf.size"
   text	   data	    bss	    dec	    hex	filename
  80908	   2608	  23376	 106892	  1a18c	CAM_PS_Configure.elf
'Finished building: CAM_PS_Configure.elf.size'
' '
18:45:46 **** Incremental Build of configuration Debug for project CAM_PS_Configure ****
make pre-build main-build 
a9-linaro-pre-build-step
' '
make: Nothing to be done for `main-build'.
18:45:47 **** Incremental Build of configuration Debug for project CAM_PS_Configure ****
make pre-build main-build 
a9-linaro-pre-build-step
' '
make: Nothing to be done for `main-build'.
18:47:04 **** Incremental Build of configuration Debug for project CAM_PS_Configure ****
make pre-build main-build 
a9-linaro-pre-build-step
' '
make: Nothing to be done for `main-build'.
18:47:07 **** Incremental Build of configuration Debug for project CAM_PS_Configure ****
make pre-build main-build 
a9-linaro-pre-build-step
' '
make: Nothing to be done for `main-build'.
18:48:56 **** Incremental Build of configuration Debug for project CAM_PS_Configure ****
make pre-build main-build 
a9-linaro-pre-build-step
' '
make: Nothing to be done for `main-build'.
18:49:09 **** Auto Build of configuration Debug for project CAM_PS_Configure ****
make pre-build main-build 
a9-linaro-pre-build-step
' '
'Building file: ../src/main.c'
'Invoking: ARM v7 gcc compiler'
arm-none-eabi-gcc -Wall -O0 -g3 -I"E:\Proj_ZYNQ\CAM_VGA\CAM_VGA.sdk\CAM_PS_Configure\src" -I"E:\Proj_ZYNQ\CAM_VGA\CAM_VGA.sdk\CAM_PS_Configure\src\app" -I"E:\Proj_ZYNQ\CAM_VGA\CAM_VGA.sdk\CAM_PS_Configure\src\driver" -c -fmessage-length=0 -MT"src/main.o" -mcpu=cortex-a9 -mfpu=vfpv3 -mfloat-abi=hard -I../../CAM_PS_Configure_bsp/ps7_cortexa9_0/include -MMD -MP -MF"src/main.d" -MT"src/main.o" -o "src/main.o" "../src/main.c"
'Finished building: ../src/main.c'
' '
'Building target: CAM_PS_Configure.elf'
'Invoking: ARM v7 gcc linker'
arm-none-eabi-gcc -mcpu=cortex-a9 -mfpu=vfpv3 -mfloat-abi=hard -Wl,-build-id=none -specs=Xilinx.spec -Wl,-T -Wl,../src/lscript.ld -L../../CAM_PS_Configure_bsp/ps7_cortexa9_0/lib -o "CAM_PS_Configure.elf"  ./src/driver/OV7725_drv.o ./src/driver/SCCB_drv.o  ./src/main.o ./src/platform.o   -Wl,--start-group,-lxil,-lgcc,-lc,--end-group
'Finished building target: CAM_PS_Configure.elf'
' '
'Invoking: ARM v7 Print Size'
arm-none-eabi-size CAM_PS_Configure.elf  |tee "CAM_PS_Configure.elf.size"
   text	   data	    bss	    dec	    hex	filename
  80908	   2608	  23376	 106892	  1a18c	CAM_PS_Configure.elf
'Finished building: CAM_PS_Configure.elf.size'
' '
18:49:59 **** Incremental Build of configuration Debug for project CAM_PS_Configure ****
make pre-build main-build 
a9-linaro-pre-build-step
' '
make: Nothing to be done for `main-build'.
17:18:21 **** Build of project CAM_PS_Configure_bsp ****
make -k all 
"Running Make include in ps7_cortexa9_0/libsrc/coresightps_dcc_v1_4/src"
make -C ps7_cortexa9_0/libsrc/coresightps_dcc_v1_4/src -s include  "SHELL=CMD" "COMPILER=arm-none-eabi-gcc" "ARCHIVER=arm-none-eabi-ar" "COMPILER_FLAGS=  -O2 -c" "EXTRA_COMPILER_FLAGS=-mcpu=cortex-a9 -mfpu=vfpv3 -mfloat-abi=hard -nostartfiles -Wall -Wextra"
"Running Make include in ps7_cortexa9_0/libsrc/cpu_cortexa9_v2_5/src"
make -C ps7_cortexa9_0/libsrc/cpu_cortexa9_v2_5/src -s include  "SHELL=CMD" "COMPILER=arm-none-eabi-gcc" "ARCHIVER=arm-none-eabi-ar" "COMPILER_FLAGS=  -O2 -c" "EXTRA_COMPILER_FLAGS=-mcpu=cortex-a9 -mfpu=vfpv3 -mfloat-abi=hard -nostartfiles -Wall -Wextra"
"Running Make include in ps7_cortexa9_0/libsrc/ddrps_v1_0/src"
make -C ps7_cortexa9_0/libsrc/ddrps_v1_0/src -s include  "SHELL=CMD" "COMPILER=arm-none-eabi-gcc" "ARCHIVER=arm-none-eabi-ar" "COMPILER_FLAGS=  -O2 -c" "EXTRA_COMPILER_FLAGS=-mcpu=cortex-a9 -mfpu=vfpv3 -mfloat-abi=hard -nostartfiles -Wall -Wextra"
"Running Make include in ps7_cortexa9_0/libsrc/devcfg_v3_5/src"
make -C ps7_cortexa9_0/libsrc/devcfg_v3_5/src -s include  "SHELL=CMD" "COMPILER=arm-none-eabi-gcc" "ARCHIVER=arm-none-eabi-ar" "COMPILER_FLAGS=  -O2 -c" "EXTRA_COMPILER_FLAGS=-mcpu=cortex-a9 -mfpu=vfpv3 -mfloat-abi=hard -nostartfiles -Wall -Wextra"
"Running Make include in ps7_cortexa9_0/libsrc/dmaps_v2_3/src"
make -C ps7_cortexa9_0/libsrc/dmaps_v2_3/src -s include  "SHELL=CMD" "COMPILER=arm-none-eabi-gcc" "ARCHIVER=arm-none-eabi-ar" "COMPILER_FLAGS=  -O2 -c" "EXTRA_COMPILER_FLAGS=-mcpu=cortex-a9 -mfpu=vfpv3 -mfloat-abi=hard -nostartfiles -Wall -Wextra"
"Running Make include in ps7_cortexa9_0/libsrc/gpiops_v3_3/src"
make -C ps7_cortexa9_0/libsrc/gpiops_v3_3/src -s include  "SHELL=CMD" "COMPILER=arm-none-eabi-gcc" "ARCHIVER=arm-none-eabi-ar" "COMPILER_FLAGS=  -O2 -c" "EXTRA_COMPILER_FLAGS=-mcpu=cortex-a9 -mfpu=vfpv3 -mfloat-abi=hard -nostartfiles -Wall -Wextra"
"Running Make include in ps7_cortexa9_0/libsrc/qspips_v3_4/src"
make -C ps7_cortexa9_0/libsrc/qspips_v3_4/src -s include  "SHELL=CMD" "COMPILER=arm-none-eabi-gcc" "ARCHIVER=arm-none-eabi-ar" "COMPILER_FLAGS=  -O2 -c" "EXTRA_COMPILER_FLAGS=-mcpu=cortex-a9 -mfpu=vfpv3 -mfloat-abi=hard -nostartfiles -Wall -Wextra"
"Running Make include in ps7_cortexa9_0/libsrc/scugic_v3_8/src"
make -C ps7_cortexa9_0/libsrc/scugic_v3_8/src -s include  "SHELL=CMD" "COMPILER=arm-none-eabi-gcc" "ARCHIVER=arm-none-eabi-ar" "COMPILER_FLAGS=  -O2 -c" "EXTRA_COMPILER_FLAGS=-mcpu=cortex-a9 -mfpu=vfpv3 -mfloat-abi=hard -nostartfiles -Wall -Wextra"
"Running Make include in ps7_cortexa9_0/libsrc/scutimer_v2_1/src"
make -C ps7_cortexa9_0/libsrc/scutimer_v2_1/src -s include  "SHELL=CMD" "COMPILER=arm-none-eabi-gcc" "ARCHIVER=arm-none-eabi-ar" "COMPILER_FLAGS=  -O2 -c" "EXTRA_COMPILER_FLAGS=-mcpu=cortex-a9 -mfpu=vfpv3 -mfloat-abi=hard -nostartfiles -Wall -Wextra"
"Running Make include in ps7_cortexa9_0/libsrc/scuwdt_v2_1/src"
make -C ps7_cortexa9_0/libsrc/scuwdt_v2_1/src -s include  "SHELL=CMD" "COMPILER=arm-none-eabi-gcc" "ARCHIVER=arm-none-eabi-ar" "COMPILER_FLAGS=  -O2 -c" "EXTRA_COMPILER_FLAGS=-mcpu=cortex-a9 -mfpu=vfpv3 -mfloat-abi=hard -nostartfiles -Wall -Wextra"
"Running Make include in ps7_cortexa9_0/libsrc/standalone_v6_5/src"
make -C ps7_cortexa9_0/libsrc/standalone_v6_5/src -s include  "SHELL=CMD" "COMPILER=arm-none-eabi-gcc" "ARCHIVER=arm-none-eabi-ar" "COMPILER_FLAGS=  -O2 -c" "EXTRA_COMPILER_FLAGS=-mcpu=cortex-a9 -mfpu=vfpv3 -mfloat-abi=hard -nostartfiles -Wall -Wextra"
"Running Make include in ps7_cortexa9_0/libsrc/ttcps_v3_5/src"
make -C ps7_cortexa9_0/libsrc/ttcps_v3_5/src -s include  "SHELL=CMD" "COMPILER=arm-none-eabi-gcc" "ARCHIVER=arm-none-eabi-ar" "COMPILER_FLAGS=  -O2 -c" "EXTRA_COMPILER_FLAGS=-mcpu=cortex-a9 -mfpu=vfpv3 -mfloat-abi=hard -nostartfiles -Wall -Wextra"
"Running Make include in ps7_cortexa9_0/libsrc/uartps_v3_5/src"
make -C ps7_cortexa9_0/libsrc/uartps_v3_5/src -s include  "SHELL=CMD" "COMPILER=arm-none-eabi-gcc" "ARCHIVER=arm-none-eabi-ar" "COMPILER_FLAGS=  -O2 -c" "EXTRA_COMPILER_FLAGS=-mcpu=cortex-a9 -mfpu=vfpv3 -mfloat-abi=hard -nostartfiles -Wall -Wextra"
"Running Make include in ps7_cortexa9_0/libsrc/xadcps_v2_2/src"
make -C ps7_cortexa9_0/libsrc/xadcps_v2_2/src -s include  "SHELL=CMD" "COMPILER=arm-none-eabi-gcc" "ARCHIVER=arm-none-eabi-ar" "COMPILER_FLAGS=  -O2 -c" "EXTRA_COMPILER_FLAGS=-mcpu=cortex-a9 -mfpu=vfpv3 -mfloat-abi=hard -nostartfiles -Wall -Wextra"
"Running Make libs in ps7_cortexa9_0/libsrc/coresightps_dcc_v1_4/src"
make -C ps7_cortexa9_0/libsrc/coresightps_dcc_v1_4/src -s libs  "SHELL=CMD" "COMPILER=arm-none-eabi-gcc" "ARCHIVER=arm-none-eabi-ar" "COMPILER_FLAGS=  -O2 -c" "EXTRA_COMPILER_FLAGS=-mcpu=cortex-a9 -mfpu=vfpv3 -mfloat-abi=hard -nostartfiles -Wall -Wextra"
"Compiling coresightps_dcc"
arm-none-eabi-ar: creating ../../../lib/libxil.a
"Running Make libs in ps7_cortexa9_0/libsrc/cpu_cortexa9_v2_5/src"
make -C ps7_cortexa9_0/libsrc/cpu_cortexa9_v2_5/src -s libs  "SHELL=CMD" "COMPILER=arm-none-eabi-gcc" "ARCHIVER=arm-none-eabi-ar" "COMPILER_FLAGS=  -O2 -c" "EXTRA_COMPILER_FLAGS=-mcpu=cortex-a9 -mfpu=vfpv3 -mfloat-abi=hard -nostartfiles -Wall -Wextra"
"Compiling cpu_cortexa9"
"Running Make libs in ps7_cortexa9_0/libsrc/ddrps_v1_0/src"
make -C ps7_cortexa9_0/libsrc/ddrps_v1_0/src -s libs  "SHELL=CMD" "COMPILER=arm-none-eabi-gcc" "ARCHIVER=arm-none-eabi-ar" "COMPILER_FLAGS=  -O2 -c" "EXTRA_COMPILER_FLAGS=-mcpu=cortex-a9 -mfpu=vfpv3 -mfloat-abi=hard -nostartfiles -Wall -Wextra"
"Compiling ddrps"
"Running Make libs in ps7_cortexa9_0/libsrc/devcfg_v3_5/src"
make -C ps7_cortexa9_0/libsrc/devcfg_v3_5/src -s libs  "SHELL=CMD" "COMPILER=arm-none-eabi-gcc" "ARCHIVER=arm-none-eabi-ar" "COMPILER_FLAGS=  -O2 -c" "EXTRA_COMPILER_FLAGS=-mcpu=cortex-a9 -mfpu=vfpv3 -mfloat-abi=hard -nostartfiles -Wall -Wextra"
"Compiling devcfg"
"Running Make libs in ps7_cortexa9_0/libsrc/dmaps_v2_3/src"
make -C ps7_cortexa9_0/libsrc/dmaps_v2_3/src -s libs  "SHELL=CMD" "COMPILER=arm-none-eabi-gcc" "ARCHIVER=arm-none-eabi-ar" "COMPILER_FLAGS=  -O2 -c" "EXTRA_COMPILER_FLAGS=-mcpu=cortex-a9 -mfpu=vfpv3 -mfloat-abi=hard -nostartfiles -Wall -Wextra"
"Compiling dmaps"
"Running Make libs in ps7_cortexa9_0/libsrc/gpiops_v3_3/src"
make -C ps7_cortexa9_0/libsrc/gpiops_v3_3/src -s libs  "SHELL=CMD" "COMPILER=arm-none-eabi-gcc" "ARCHIVER=arm-none-eabi-ar" "COMPILER_FLAGS=  -O2 -c" "EXTRA_COMPILER_FLAGS=-mcpu=cortex-a9 -mfpu=vfpv3 -mfloat-abi=hard -nostartfiles -Wall -Wextra"
"Compiling gpiops"
"Running Make libs in ps7_cortexa9_0/libsrc/qspips_v3_4/src"
make -C ps7_cortexa9_0/libsrc/qspips_v3_4/src -s libs  "SHELL=CMD" "COMPILER=arm-none-eabi-gcc" "ARCHIVER=arm-none-eabi-ar" "COMPILER_FLAGS=  -O2 -c" "EXTRA_COMPILER_FLAGS=-mcpu=cortex-a9 -mfpu=vfpv3 -mfloat-abi=hard -nostartfiles -Wall -Wextra"
"Compiling qspips"
"Running Make libs in ps7_cortexa9_0/libsrc/scugic_v3_8/src"
make -C ps7_cortexa9_0/libsrc/scugic_v3_8/src -s libs  "SHELL=CMD" "COMPILER=arm-none-eabi-gcc" "ARCHIVER=arm-none-eabi-ar" "COMPILER_FLAGS=  -O2 -c" "EXTRA_COMPILER_FLAGS=-mcpu=cortex-a9 -mfpu=vfpv3 -mfloat-abi=hard -nostartfiles -Wall -Wextra"
"Compiling scugic"
"Running Make libs in ps7_cortexa9_0/libsrc/scutimer_v2_1/src"
make -C ps7_cortexa9_0/libsrc/scutimer_v2_1/src -s libs  "SHELL=CMD" "COMPILER=arm-none-eabi-gcc" "ARCHIVER=arm-none-eabi-ar" "COMPILER_FLAGS=  -O2 -c" "EXTRA_COMPILER_FLAGS=-mcpu=cortex-a9 -mfpu=vfpv3 -mfloat-abi=hard -nostartfiles -Wall -Wextra"
"Compiling scutimer"
"Running Make libs in ps7_cortexa9_0/libsrc/scuwdt_v2_1/src"
make -C ps7_cortexa9_0/libsrc/scuwdt_v2_1/src -s libs  "SHELL=CMD" "COMPILER=arm-none-eabi-gcc" "ARCHIVER=arm-none-eabi-ar" "COMPILER_FLAGS=  -O2 -c" "EXTRA_COMPILER_FLAGS=-mcpu=cortex-a9 -mfpu=vfpv3 -mfloat-abi=hard -nostartfiles -Wall -Wextra"
"Compiling scuwdt"
"Running Make libs in ps7_cortexa9_0/libsrc/standalone_v6_5/src"
make -C ps7_cortexa9_0/libsrc/standalone_v6_5/src -s libs  "SHELL=CMD" "COMPILER=arm-none-eabi-gcc" "ARCHIVER=arm-none-eabi-ar" "COMPILER_FLAGS=  -O2 -c" "EXTRA_COMPILER_FLAGS=-mcpu=cortex-a9 -mfpu=vfpv3 -mfloat-abi=hard -nostartfiles -Wall -Wextra"
"Compiling standalone"
"Running Make libs in ps7_cortexa9_0/libsrc/ttcps_v3_5/src"
make -C ps7_cortexa9_0/libsrc/ttcps_v3_5/src -s libs  "SHELL=CMD" "COMPILER=arm-none-eabi-gcc" "ARCHIVER=arm-none-eabi-ar" "COMPILER_FLAGS=  -O2 -c" "EXTRA_COMPILER_FLAGS=-mcpu=cortex-a9 -mfpu=vfpv3 -mfloat-abi=hard -nostartfiles -Wall -Wextra"
"Compiling ttcps"
"Running Make libs in ps7_cortexa9_0/libsrc/uartps_v3_5/src"
make -C ps7_cortexa9_0/libsrc/uartps_v3_5/src -s libs  "SHELL=CMD" "COMPILER=arm-none-eabi-gcc" "ARCHIVER=arm-none-eabi-ar" "COMPILER_FLAGS=  -O2 -c" "EXTRA_COMPILER_FLAGS=-mcpu=cortex-a9 -mfpu=vfpv3 -mfloat-abi=hard -nostartfiles -Wall -Wextra"
"Compiling uartps"
"Running Make libs in ps7_cortexa9_0/libsrc/xadcps_v2_2/src"
make -C ps7_cortexa9_0/libsrc/xadcps_v2_2/src -s libs  "SHELL=CMD" "COMPILER=arm-none-eabi-gcc" "ARCHIVER=arm-none-eabi-ar" "COMPILER_FLAGS=  -O2 -c" "EXTRA_COMPILER_FLAGS=-mcpu=cortex-a9 -mfpu=vfpv3 -mfloat-abi=hard -nostartfiles -Wall -Wextra"
"Compiling xadcps"
'Finished building libraries'
17:18:33 **** Build of configuration Debug for project CAM_PS_Configure ****
make pre-build main-build 
a9-linaro-pre-build-step
' '
'Building file: ../src/driver/OV7725_drv.c'
'Invoking: ARM v7 gcc compiler'
arm-none-eabi-gcc -Wall -O0 -g3 -I"E:\Proj_ZYNQ\CAM_VGA\CAM_VGA.sdk\CAM_PS_Configure\src" -I"E:\Proj_ZYNQ\CAM_VGA\CAM_VGA.sdk\CAM_PS_Configure\src\app" -I"E:\Proj_ZYNQ\CAM_VGA\CAM_VGA.sdk\CAM_PS_Configure\src\driver" -c -fmessage-length=0 -MT"src/driver/OV7725_drv.o" -mcpu=cortex-a9 -mfpu=vfpv3 -mfloat-abi=hard -I../../CAM_PS_Configure_bsp/ps7_cortexa9_0/include -MMD -MP -MF"src/driver/OV7725_drv.d" -MT"src/driver/OV7725_drv.o" -o "src/driver/OV7725_drv.o" "../src/driver/OV7725_drv.c"
'Finished building: ../src/driver/OV7725_drv.c'
' '
'Building file: ../src/driver/SCCB_drv.c'
'Invoking: ARM v7 gcc compiler'
arm-none-eabi-gcc -Wall -O0 -g3 -I"E:\Proj_ZYNQ\CAM_VGA\CAM_VGA.sdk\CAM_PS_Configure\src" -I"E:\Proj_ZYNQ\CAM_VGA\CAM_VGA.sdk\CAM_PS_Configure\src\app" -I"E:\Proj_ZYNQ\CAM_VGA\CAM_VGA.sdk\CAM_PS_Configure\src\driver" -c -fmessage-length=0 -MT"src/driver/SCCB_drv.o" -mcpu=cortex-a9 -mfpu=vfpv3 -mfloat-abi=hard -I../../CAM_PS_Configure_bsp/ps7_cortexa9_0/include -MMD -MP -MF"src/driver/SCCB_drv.d" -MT"src/driver/SCCB_drv.o" -o "src/driver/SCCB_drv.o" "../src/driver/SCCB_drv.c"
../src/driver/SCCB_drv.c:91:13: warning: 'SCCB_Ack' defined but not used [-Wunused-function]
 static void SCCB_Ack(void)
             ^~~~~~~~
'Finished building: ../src/driver/SCCB_drv.c'
' '
'Building file: ../src/main.c'
'Invoking: ARM v7 gcc compiler'
arm-none-eabi-gcc -Wall -O0 -g3 -I"E:\Proj_ZYNQ\CAM_VGA\CAM_VGA.sdk\CAM_PS_Configure\src" -I"E:\Proj_ZYNQ\CAM_VGA\CAM_VGA.sdk\CAM_PS_Configure\src\app" -I"E:\Proj_ZYNQ\CAM_VGA\CAM_VGA.sdk\CAM_PS_Configure\src\driver" -c -fmessage-length=0 -MT"src/main.o" -mcpu=cortex-a9 -mfpu=vfpv3 -mfloat-abi=hard -I../../CAM_PS_Configure_bsp/ps7_cortexa9_0/include -MMD -MP -MF"src/main.d" -MT"src/main.o" -o "src/main.o" "../src/main.c"
../src/main.c:52:81: fatal error: /CAM_PS_Configure_bsp/ps7_cortexa9_0/libsrc/gpiops_v3_3/src/xgpiops.h: No such file or directory
 #include "/CAM_PS_Configure_bsp/ps7_cortexa9_0/libsrc/gpiops_v3_3/src/xgpiops.h"
                                                                                 ^
compilation terminated.
make: *** [src/main.o] ´íÎó 1
17:18:58 **** Incremental Build of configuration Debug for project CAM_PS_Configure ****
make pre-build main-build 
a9-linaro-pre-build-step
' '
'Building file: ../src/driver/OV7725_drv.c'
'Invoking: ARM v7 gcc compiler'
arm-none-eabi-gcc -Wall -O0 -g3 -I"E:\Proj_ZYNQ\CAM_VGA\CAM_VGA.sdk\CAM_PS_Configure\src" -I"E:\Proj_ZYNQ\CAM_VGA\CAM_VGA.sdk\CAM_PS_Configure\src\app" -I"E:\Proj_ZYNQ\CAM_VGA\CAM_VGA.sdk\CAM_PS_Configure\src\driver" -c -fmessage-length=0 -MT"src/driver/OV7725_drv.o" -mcpu=cortex-a9 -mfpu=vfpv3 -mfloat-abi=hard -I../../CAM_PS_Configure_bsp/ps7_cortexa9_0/include -MMD -MP -MF"src/driver/OV7725_drv.d" -MT"src/driver/OV7725_drv.o" -o "src/driver/OV7725_drv.o" "../src/driver/OV7725_drv.c"
'Finished building: ../src/driver/OV7725_drv.c'
' '
'Building file: ../src/driver/SCCB_drv.c'
'Invoking: ARM v7 gcc compiler'
arm-none-eabi-gcc -Wall -O0 -g3 -I"E:\Proj_ZYNQ\CAM_VGA\CAM_VGA.sdk\CAM_PS_Configure\src" -I"E:\Proj_ZYNQ\CAM_VGA\CAM_VGA.sdk\CAM_PS_Configure\src\app" -I"E:\Proj_ZYNQ\CAM_VGA\CAM_VGA.sdk\CAM_PS_Configure\src\driver" -c -fmessage-length=0 -MT"src/driver/SCCB_drv.o" -mcpu=cortex-a9 -mfpu=vfpv3 -mfloat-abi=hard -I../../CAM_PS_Configure_bsp/ps7_cortexa9_0/include -MMD -MP -MF"src/driver/SCCB_drv.d" -MT"src/driver/SCCB_drv.o" -o "src/driver/SCCB_drv.o" "../src/driver/SCCB_drv.c"
../src/driver/SCCB_drv.c:91:13: warning: 'SCCB_Ack' defined but not used [-Wunused-function]
 static void SCCB_Ack(void)
             ^~~~~~~~
'Finished building: ../src/driver/SCCB_drv.c'
' '
'Building file: ../src/main.c'
'Invoking: ARM v7 gcc compiler'
arm-none-eabi-gcc -Wall -O0 -g3 -I"E:\Proj_ZYNQ\CAM_VGA\CAM_VGA.sdk\CAM_PS_Configure\src" -I"E:\Proj_ZYNQ\CAM_VGA\CAM_VGA.sdk\CAM_PS_Configure\src\app" -I"E:\Proj_ZYNQ\CAM_VGA\CAM_VGA.sdk\CAM_PS_Configure\src\driver" -c -fmessage-length=0 -MT"src/main.o" -mcpu=cortex-a9 -mfpu=vfpv3 -mfloat-abi=hard -I../../CAM_PS_Configure_bsp/ps7_cortexa9_0/include -MMD -MP -MF"src/main.d" -MT"src/main.o" -o "src/main.o" "../src/main.c"
'Finished building: ../src/main.c'
' '
'Building file: ../src/platform.c'
'Invoking: ARM v7 gcc compiler'
arm-none-eabi-gcc -Wall -O0 -g3 -I"E:\Proj_ZYNQ\CAM_VGA\CAM_VGA.sdk\CAM_PS_Configure\src" -I"E:\Proj_ZYNQ\CAM_VGA\CAM_VGA.sdk\CAM_PS_Configure\src\app" -I"E:\Proj_ZYNQ\CAM_VGA\CAM_VGA.sdk\CAM_PS_Configure\src\driver" -c -fmessage-length=0 -MT"src/platform.o" -mcpu=cortex-a9 -mfpu=vfpv3 -mfloat-abi=hard -I../../CAM_PS_Configure_bsp/ps7_cortexa9_0/include -MMD -MP -MF"src/platform.d" -MT"src/platform.o" -o "src/platform.o" "../src/platform.c"
'Finished building: ../src/platform.c'
' '
'Building target: CAM_PS_Configure.elf'
'Invoking: ARM v7 gcc linker'
arm-none-eabi-gcc -mcpu=cortex-a9 -mfpu=vfpv3 -mfloat-abi=hard -Wl,-build-id=none -specs=Xilinx.spec -Wl,-T -Wl,../src/lscript.ld -L../../CAM_PS_Configure_bsp/ps7_cortexa9_0/lib -o "CAM_PS_Configure.elf"  ./src/driver/OV7725_drv.o ./src/driver/SCCB_drv.o  ./src/main.o ./src/platform.o   -Wl,--start-group,-lxil,-lgcc,-lc,--end-group
'Finished building target: CAM_PS_Configure.elf'
' '
'Invoking: ARM v7 Print Size'
arm-none-eabi-size CAM_PS_Configure.elf  |tee "CAM_PS_Configure.elf.size"
   text	   data	    bss	    dec	    hex	filename
  80908	   2608	  23376	 106892	  1a18c	CAM_PS_Configure.elf
'Finished building: CAM_PS_Configure.elf.size'
' '
17:19:06 **** Incremental Build of configuration Debug for project CAM_PS_Configure ****
make pre-build main-build 
a9-linaro-pre-build-step
' '
'Building file: ../src/driver/OV7725_drv.c'
'Invoking: ARM v7 gcc compiler'
arm-none-eabi-gcc -Wall -O0 -g3 -I"E:\Proj_ZYNQ\CAM_VGA\CAM_VGA.sdk\CAM_PS_Configure\src" -I"E:\Proj_ZYNQ\CAM_VGA\CAM_VGA.sdk\CAM_PS_Configure\src\app" -I"E:\Proj_ZYNQ\CAM_VGA\CAM_VGA.sdk\CAM_PS_Configure\src\driver" -c -fmessage-length=0 -MT"src/driver/OV7725_drv.o" -mcpu=cortex-a9 -mfpu=vfpv3 -mfloat-abi=hard -I../../CAM_PS_Configure_bsp/ps7_cortexa9_0/include -MMD -MP -MF"src/driver/OV7725_drv.d" -MT"src/driver/OV7725_drv.o" -o "src/driver/OV7725_drv.o" "../src/driver/OV7725_drv.c"
'Finished building: ../src/driver/OV7725_drv.c'
' '
'Building file: ../src/driver/SCCB_drv.c'
'Invoking: ARM v7 gcc compiler'
arm-none-eabi-gcc -Wall -O0 -g3 -I"E:\Proj_ZYNQ\CAM_VGA\CAM_VGA.sdk\CAM_PS_Configure\src" -I"E:\Proj_ZYNQ\CAM_VGA\CAM_VGA.sdk\CAM_PS_Configure\src\app" -I"E:\Proj_ZYNQ\CAM_VGA\CAM_VGA.sdk\CAM_PS_Configure\src\driver" -c -fmessage-length=0 -MT"src/driver/SCCB_drv.o" -mcpu=cortex-a9 -mfpu=vfpv3 -mfloat-abi=hard -I../../CAM_PS_Configure_bsp/ps7_cortexa9_0/include -MMD -MP -MF"src/driver/SCCB_drv.d" -MT"src/driver/SCCB_drv.o" -o "src/driver/SCCB_drv.o" "../src/driver/SCCB_drv.c"
../src/driver/SCCB_drv.c:91:13: warning: 'SCCB_Ack' defined but not used [-Wunused-function]
 static void SCCB_Ack(void)
             ^~~~~~~~
'Finished building: ../src/driver/SCCB_drv.c'
' '
'Building file: ../src/main.c'
'Invoking: ARM v7 gcc compiler'
arm-none-eabi-gcc -Wall -O0 -g3 -I"E:\Proj_ZYNQ\CAM_VGA\CAM_VGA.sdk\CAM_PS_Configure\src" -I"E:\Proj_ZYNQ\CAM_VGA\CAM_VGA.sdk\CAM_PS_Configure\src\app" -I"E:\Proj_ZYNQ\CAM_VGA\CAM_VGA.sdk\CAM_PS_Configure\src\driver" -c -fmessage-length=0 -MT"src/main.o" -mcpu=cortex-a9 -mfpu=vfpv3 -mfloat-abi=hard -I../../CAM_PS_Configure_bsp/ps7_cortexa9_0/include -MMD -MP -MF"src/main.d" -MT"src/main.o" -o "src/main.o" "../src/main.c"
'Finished building: ../src/main.c'
' '
'Building file: ../src/platform.c'
'Invoking: ARM v7 gcc compiler'
arm-none-eabi-gcc -Wall -O0 -g3 -I"E:\Proj_ZYNQ\CAM_VGA\CAM_VGA.sdk\CAM_PS_Configure\src" -I"E:\Proj_ZYNQ\CAM_VGA\CAM_VGA.sdk\CAM_PS_Configure\src\app" -I"E:\Proj_ZYNQ\CAM_VGA\CAM_VGA.sdk\CAM_PS_Configure\src\driver" -c -fmessage-length=0 -MT"src/platform.o" -mcpu=cortex-a9 -mfpu=vfpv3 -mfloat-abi=hard -I../../CAM_PS_Configure_bsp/ps7_cortexa9_0/include -MMD -MP -MF"src/platform.d" -MT"src/platform.o" -o "src/platform.o" "../src/platform.c"
'Finished building: ../src/platform.c'
' '
'Building target: CAM_PS_Configure.elf'
'Invoking: ARM v7 gcc linker'
arm-none-eabi-gcc -mcpu=cortex-a9 -mfpu=vfpv3 -mfloat-abi=hard -Wl,-build-id=none -specs=Xilinx.spec -Wl,-T -Wl,../src/lscript.ld -L../../CAM_PS_Configure_bsp/ps7_cortexa9_0/lib -o "CAM_PS_Configure.elf"  ./src/driver/OV7725_drv.o ./src/driver/SCCB_drv.o  ./src/main.o ./src/platform.o   -Wl,--start-group,-lxil,-lgcc,-lc,--end-group
'Finished building target: CAM_PS_Configure.elf'
' '
'Invoking: ARM v7 Print Size'
arm-none-eabi-size CAM_PS_Configure.elf  |tee "CAM_PS_Configure.elf.size"
   text	   data	    bss	    dec	    hex	filename
  80908	   2608	  23376	 106892	  1a18c	CAM_PS_Configure.elf
'Finished building: CAM_PS_Configure.elf.size'
' '
17:20:18 **** Incremental Build of configuration Debug for project CAM_PS_Configure ****
make pre-build main-build 
a9-linaro-pre-build-step
' '
'Building file: ../src/driver/OV7725_drv.c'
'Invoking: ARM v7 gcc compiler'
arm-none-eabi-gcc -Wall -O0 -g3 -I"E:\Proj_ZYNQ\CAM_VGA\CAM_VGA.sdk\CAM_PS_Configure\src" -I"E:\Proj_ZYNQ\CAM_VGA\CAM_VGA.sdk\CAM_PS_Configure\src\app" -I"E:\Proj_ZYNQ\CAM_VGA\CAM_VGA.sdk\CAM_PS_Configure\src\driver" -c -fmessage-length=0 -MT"src/driver/OV7725_drv.o" -mcpu=cortex-a9 -mfpu=vfpv3 -mfloat-abi=hard -I../../CAM_PS_Configure_bsp/ps7_cortexa9_0/include -MMD -MP -MF"src/driver/OV7725_drv.d" -MT"src/driver/OV7725_drv.o" -o "src/driver/OV7725_drv.o" "../src/driver/OV7725_drv.c"
'Finished building: ../src/driver/OV7725_drv.c'
' '
'Building file: ../src/driver/SCCB_drv.c'
'Invoking: ARM v7 gcc compiler'
arm-none-eabi-gcc -Wall -O0 -g3 -I"E:\Proj_ZYNQ\CAM_VGA\CAM_VGA.sdk\CAM_PS_Configure\src" -I"E:\Proj_ZYNQ\CAM_VGA\CAM_VGA.sdk\CAM_PS_Configure\src\app" -I"E:\Proj_ZYNQ\CAM_VGA\CAM_VGA.sdk\CAM_PS_Configure\src\driver" -c -fmessage-length=0 -MT"src/driver/SCCB_drv.o" -mcpu=cortex-a9 -mfpu=vfpv3 -mfloat-abi=hard -I../../CAM_PS_Configure_bsp/ps7_cortexa9_0/include -MMD -MP -MF"src/driver/SCCB_drv.d" -MT"src/driver/SCCB_drv.o" -o "src/driver/SCCB_drv.o" "../src/driver/SCCB_drv.c"
../src/driver/SCCB_drv.c:91:13: warning: 'SCCB_Ack' defined but not used [-Wunused-function]
 static void SCCB_Ack(void)
             ^~~~~~~~
'Finished building: ../src/driver/SCCB_drv.c'
' '
'Building file: ../src/main.c'
'Invoking: ARM v7 gcc compiler'
arm-none-eabi-gcc -Wall -O0 -g3 -I"E:\Proj_ZYNQ\CAM_VGA\CAM_VGA.sdk\CAM_PS_Configure\src" -I"E:\Proj_ZYNQ\CAM_VGA\CAM_VGA.sdk\CAM_PS_Configure\src\app" -I"E:\Proj_ZYNQ\CAM_VGA\CAM_VGA.sdk\CAM_PS_Configure\src\driver" -c -fmessage-length=0 -MT"src/main.o" -mcpu=cortex-a9 -mfpu=vfpv3 -mfloat-abi=hard -I../../CAM_PS_Configure_bsp/ps7_cortexa9_0/include -MMD -MP -MF"src/main.d" -MT"src/main.o" -o "src/main.o" "../src/main.c"
'Finished building: ../src/main.c'
' '
'Building file: ../src/platform.c'
'Invoking: ARM v7 gcc compiler'
arm-none-eabi-gcc -Wall -O0 -g3 -I"E:\Proj_ZYNQ\CAM_VGA\CAM_VGA.sdk\CAM_PS_Configure\src" -I"E:\Proj_ZYNQ\CAM_VGA\CAM_VGA.sdk\CAM_PS_Configure\src\app" -I"E:\Proj_ZYNQ\CAM_VGA\CAM_VGA.sdk\CAM_PS_Configure\src\driver" -c -fmessage-length=0 -MT"src/platform.o" -mcpu=cortex-a9 -mfpu=vfpv3 -mfloat-abi=hard -I../../CAM_PS_Configure_bsp/ps7_cortexa9_0/include -MMD -MP -MF"src/platform.d" -MT"src/platform.o" -o "src/platform.o" "../src/platform.c"
'Finished building: ../src/platform.c'
' '
'Building target: CAM_PS_Configure.elf'
'Invoking: ARM v7 gcc linker'
arm-none-eabi-gcc -mcpu=cortex-a9 -mfpu=vfpv3 -mfloat-abi=hard -Wl,-build-id=none -specs=Xilinx.spec -Wl,-T -Wl,../src/lscript.ld -L../../CAM_PS_Configure_bsp/ps7_cortexa9_0/lib -o "CAM_PS_Configure.elf"  ./src/driver/OV7725_drv.o ./src/driver/SCCB_drv.o  ./src/main.o ./src/platform.o   -Wl,--start-group,-lxil,-lgcc,-lc,--end-group
'Finished building target: CAM_PS_Configure.elf'
' '
'Invoking: ARM v7 Print Size'
arm-none-eabi-size CAM_PS_Configure.elf  |tee "CAM_PS_Configure.elf.size"
   text	   data	    bss	    dec	    hex	filename
  80908	   2608	  23376	 106892	  1a18c	CAM_PS_Configure.elf
'Finished building: CAM_PS_Configure.elf.size'
' '
17:20:42 **** Incremental Build of configuration Debug for project CAM_PS_Configure ****
make pre-build main-build 
a9-linaro-pre-build-step
' '
'Building file: ../src/driver/OV7725_drv.c'
'Invoking: ARM v7 gcc compiler'
arm-none-eabi-gcc -Wall -O0 -g3 -I"E:\Proj_ZYNQ\CAM_VGA\CAM_VGA.sdk\CAM_PS_Configure\src" -I"E:\Proj_ZYNQ\CAM_VGA\CAM_VGA.sdk\CAM_PS_Configure\src\app" -I"E:\Proj_ZYNQ\CAM_VGA\CAM_VGA.sdk\CAM_PS_Configure\src\driver" -c -fmessage-length=0 -MT"src/driver/OV7725_drv.o" -mcpu=cortex-a9 -mfpu=vfpv3 -mfloat-abi=hard -I../../CAM_PS_Configure_bsp/ps7_cortexa9_0/include -MMD -MP -MF"src/driver/OV7725_drv.d" -MT"src/driver/OV7725_drv.o" -o "src/driver/OV7725_drv.o" "../src/driver/OV7725_drv.c"
'Finished building: ../src/driver/OV7725_drv.c'
' '
'Building file: ../src/driver/SCCB_drv.c'
'Invoking: ARM v7 gcc compiler'
arm-none-eabi-gcc -Wall -O0 -g3 -I"E:\Proj_ZYNQ\CAM_VGA\CAM_VGA.sdk\CAM_PS_Configure\src" -I"E:\Proj_ZYNQ\CAM_VGA\CAM_VGA.sdk\CAM_PS_Configure\src\app" -I"E:\Proj_ZYNQ\CAM_VGA\CAM_VGA.sdk\CAM_PS_Configure\src\driver" -c -fmessage-length=0 -MT"src/driver/SCCB_drv.o" -mcpu=cortex-a9 -mfpu=vfpv3 -mfloat-abi=hard -I../../CAM_PS_Configure_bsp/ps7_cortexa9_0/include -MMD -MP -MF"src/driver/SCCB_drv.d" -MT"src/driver/SCCB_drv.o" -o "src/driver/SCCB_drv.o" "../src/driver/SCCB_drv.c"
../src/driver/SCCB_drv.c:91:13: warning: 'SCCB_Ack' defined but not used [-Wunused-function]
 static void SCCB_Ack(void)
             ^~~~~~~~
'Finished building: ../src/driver/SCCB_drv.c'
' '
'Building file: ../src/main.c'
'Invoking: ARM v7 gcc compiler'
arm-none-eabi-gcc -Wall -O0 -g3 -I"E:\Proj_ZYNQ\CAM_VGA\CAM_VGA.sdk\CAM_PS_Configure\src" -I"E:\Proj_ZYNQ\CAM_VGA\CAM_VGA.sdk\CAM_PS_Configure\src\app" -I"E:\Proj_ZYNQ\CAM_VGA\CAM_VGA.sdk\CAM_PS_Configure\src\driver" -c -fmessage-length=0 -MT"src/main.o" -mcpu=cortex-a9 -mfpu=vfpv3 -mfloat-abi=hard -I../../CAM_PS_Configure_bsp/ps7_cortexa9_0/include -MMD -MP -MF"src/main.d" -MT"src/main.o" -o "src/main.o" "../src/main.c"
'Finished building: ../src/main.c'
' '
'Building file: ../src/platform.c'
'Invoking: ARM v7 gcc compiler'
arm-none-eabi-gcc -Wall -O0 -g3 -I"E:\Proj_ZYNQ\CAM_VGA\CAM_VGA.sdk\CAM_PS_Configure\src" -I"E:\Proj_ZYNQ\CAM_VGA\CAM_VGA.sdk\CAM_PS_Configure\src\app" -I"E:\Proj_ZYNQ\CAM_VGA\CAM_VGA.sdk\CAM_PS_Configure\src\driver" -c -fmessage-length=0 -MT"src/platform.o" -mcpu=cortex-a9 -mfpu=vfpv3 -mfloat-abi=hard -I../../CAM_PS_Configure_bsp/ps7_cortexa9_0/include -MMD -MP -MF"src/platform.d" -MT"src/platform.o" -o "src/platform.o" "../src/platform.c"
'Finished building: ../src/platform.c'
' '
'Building target: CAM_PS_Configure.elf'
'Invoking: ARM v7 gcc linker'
arm-none-eabi-gcc -mcpu=cortex-a9 -mfpu=vfpv3 -mfloat-abi=hard -Wl,-build-id=none -specs=Xilinx.spec -Wl,-T -Wl,../src/lscript.ld -L../../CAM_PS_Configure_bsp/ps7_cortexa9_0/lib -o "CAM_PS_Configure.elf"  ./src/driver/OV7725_drv.o ./src/driver/SCCB_drv.o  ./src/main.o ./src/platform.o   -Wl,--start-group,-lxil,-lgcc,-lc,--end-group
'Finished building target: CAM_PS_Configure.elf'
' '
'Invoking: ARM v7 Print Size'
arm-none-eabi-size CAM_PS_Configure.elf  |tee "CAM_PS_Configure.elf.size"
   text	   data	    bss	    dec	    hex	filename
  80908	   2608	  23376	 106892	  1a18c	CAM_PS_Configure.elf
'Finished building: CAM_PS_Configure.elf.size'
' '
17:21:03 **** Incremental Build of configuration Debug for project CAM_PS_Configure ****
make pre-build main-build 
a9-linaro-pre-build-step
' '
'Building file: ../src/driver/OV7725_drv.c'
'Invoking: ARM v7 gcc compiler'
arm-none-eabi-gcc -Wall -O0 -g3 -I"E:\Proj_ZYNQ\CAM_VGA\CAM_VGA.sdk\CAM_PS_Configure\src" -I"E:\Proj_ZYNQ\CAM_VGA\CAM_VGA.sdk\CAM_PS_Configure\src\app" -I"E:\Proj_ZYNQ\CAM_VGA\CAM_VGA.sdk\CAM_PS_Configure\src\driver" -c -fmessage-length=0 -MT"src/driver/OV7725_drv.o" -mcpu=cortex-a9 -mfpu=vfpv3 -mfloat-abi=hard -I../../CAM_PS_Configure_bsp/ps7_cortexa9_0/include -MMD -MP -MF"src/driver/OV7725_drv.d" -MT"src/driver/OV7725_drv.o" -o "src/driver/OV7725_drv.o" "../src/driver/OV7725_drv.c"
'Finished building: ../src/driver/OV7725_drv.c'
' '
'Building file: ../src/driver/SCCB_drv.c'
'Invoking: ARM v7 gcc compiler'
arm-none-eabi-gcc -Wall -O0 -g3 -I"E:\Proj_ZYNQ\CAM_VGA\CAM_VGA.sdk\CAM_PS_Configure\src" -I"E:\Proj_ZYNQ\CAM_VGA\CAM_VGA.sdk\CAM_PS_Configure\src\app" -I"E:\Proj_ZYNQ\CAM_VGA\CAM_VGA.sdk\CAM_PS_Configure\src\driver" -c -fmessage-length=0 -MT"src/driver/SCCB_drv.o" -mcpu=cortex-a9 -mfpu=vfpv3 -mfloat-abi=hard -I../../CAM_PS_Configure_bsp/ps7_cortexa9_0/include -MMD -MP -MF"src/driver/SCCB_drv.d" -MT"src/driver/SCCB_drv.o" -o "src/driver/SCCB_drv.o" "../src/driver/SCCB_drv.c"
../src/driver/SCCB_drv.c:91:13: warning: 'SCCB_Ack' defined but not used [-Wunused-function]
 static void SCCB_Ack(void)
             ^~~~~~~~
'Finished building: ../src/driver/SCCB_drv.c'
' '
'Building file: ../src/main.c'
'Invoking: ARM v7 gcc compiler'
arm-none-eabi-gcc -Wall -O0 -g3 -I"E:\Proj_ZYNQ\CAM_VGA\CAM_VGA.sdk\CAM_PS_Configure\src" -I"E:\Proj_ZYNQ\CAM_VGA\CAM_VGA.sdk\CAM_PS_Configure\src\app" -I"E:\Proj_ZYNQ\CAM_VGA\CAM_VGA.sdk\CAM_PS_Configure\src\driver" -c -fmessage-length=0 -MT"src/main.o" -mcpu=cortex-a9 -mfpu=vfpv3 -mfloat-abi=hard -I../../CAM_PS_Configure_bsp/ps7_cortexa9_0/include -MMD -MP -MF"src/main.d" -MT"src/main.o" -o "src/main.o" "../src/main.c"
'Finished building: ../src/main.c'
' '
'Building file: ../src/platform.c'
'Invoking: ARM v7 gcc compiler'
arm-none-eabi-gcc -Wall -O0 -g3 -I"E:\Proj_ZYNQ\CAM_VGA\CAM_VGA.sdk\CAM_PS_Configure\src" -I"E:\Proj_ZYNQ\CAM_VGA\CAM_VGA.sdk\CAM_PS_Configure\src\app" -I"E:\Proj_ZYNQ\CAM_VGA\CAM_VGA.sdk\CAM_PS_Configure\src\driver" -c -fmessage-length=0 -MT"src/platform.o" -mcpu=cortex-a9 -mfpu=vfpv3 -mfloat-abi=hard -I../../CAM_PS_Configure_bsp/ps7_cortexa9_0/include -MMD -MP -MF"src/platform.d" -MT"src/platform.o" -o "src/platform.o" "../src/platform.c"
'Finished building: ../src/platform.c'
' '
'Building target: CAM_PS_Configure.elf'
'Invoking: ARM v7 gcc linker'
arm-none-eabi-gcc -mcpu=cortex-a9 -mfpu=vfpv3 -mfloat-abi=hard -Wl,-build-id=none -specs=Xilinx.spec -Wl,-T -Wl,../src/lscript.ld -L../../CAM_PS_Configure_bsp/ps7_cortexa9_0/lib -o "CAM_PS_Configure.elf"  ./src/driver/OV7725_drv.o ./src/driver/SCCB_drv.o  ./src/main.o ./src/platform.o   -Wl,--start-group,-lxil,-lgcc,-lc,--end-group
'Finished building target: CAM_PS_Configure.elf'
' '
'Invoking: ARM v7 Print Size'
arm-none-eabi-size CAM_PS_Configure.elf  |tee "CAM_PS_Configure.elf.size"
   text	   data	    bss	    dec	    hex	filename
  80972	   2608	  23376	 106956	  1a1cc	CAM_PS_Configure.elf
'Finished building: CAM_PS_Configure.elf.size'
' '
17:21:08 **** Incremental Build of configuration Debug for project CAM_PS_Configure ****
make pre-build main-build 
a9-linaro-pre-build-step
' '
'Building file: ../src/driver/OV7725_drv.c'
'Invoking: ARM v7 gcc compiler'
arm-none-eabi-gcc -Wall -O0 -g3 -I"E:\Proj_ZYNQ\CAM_VGA\CAM_VGA.sdk\CAM_PS_Configure\src" -I"E:\Proj_ZYNQ\CAM_VGA\CAM_VGA.sdk\CAM_PS_Configure\src\app" -I"E:\Proj_ZYNQ\CAM_VGA\CAM_VGA.sdk\CAM_PS_Configure\src\driver" -c -fmessage-length=0 -MT"src/driver/OV7725_drv.o" -mcpu=cortex-a9 -mfpu=vfpv3 -mfloat-abi=hard -I../../CAM_PS_Configure_bsp/ps7_cortexa9_0/include -MMD -MP -MF"src/driver/OV7725_drv.d" -MT"src/driver/OV7725_drv.o" -o "src/driver/OV7725_drv.o" "../src/driver/OV7725_drv.c"
'Finished building: ../src/driver/OV7725_drv.c'
' '
'Building file: ../src/driver/SCCB_drv.c'
'Invoking: ARM v7 gcc compiler'
arm-none-eabi-gcc -Wall -O0 -g3 -I"E:\Proj_ZYNQ\CAM_VGA\CAM_VGA.sdk\CAM_PS_Configure\src" -I"E:\Proj_ZYNQ\CAM_VGA\CAM_VGA.sdk\CAM_PS_Configure\src\app" -I"E:\Proj_ZYNQ\CAM_VGA\CAM_VGA.sdk\CAM_PS_Configure\src\driver" -c -fmessage-length=0 -MT"src/driver/SCCB_drv.o" -mcpu=cortex-a9 -mfpu=vfpv3 -mfloat-abi=hard -I../../CAM_PS_Configure_bsp/ps7_cortexa9_0/include -MMD -MP -MF"src/driver/SCCB_drv.d" -MT"src/driver/SCCB_drv.o" -o "src/driver/SCCB_drv.o" "../src/driver/SCCB_drv.c"
../src/driver/SCCB_drv.c:91:13: warning: 'SCCB_Ack' defined but not used [-Wunused-function]
 static void SCCB_Ack(void)
             ^~~~~~~~
'Finished building: ../src/driver/SCCB_drv.c'
' '
'Building file: ../src/main.c'
'Invoking: ARM v7 gcc compiler'
arm-none-eabi-gcc -Wall -O0 -g3 -I"E:\Proj_ZYNQ\CAM_VGA\CAM_VGA.sdk\CAM_PS_Configure\src" -I"E:\Proj_ZYNQ\CAM_VGA\CAM_VGA.sdk\CAM_PS_Configure\src\app" -I"E:\Proj_ZYNQ\CAM_VGA\CAM_VGA.sdk\CAM_PS_Configure\src\driver" -c -fmessage-length=0 -MT"src/main.o" -mcpu=cortex-a9 -mfpu=vfpv3 -mfloat-abi=hard -I../../CAM_PS_Configure_bsp/ps7_cortexa9_0/include -MMD -MP -MF"src/main.d" -MT"src/main.o" -o "src/main.o" "../src/main.c"
'Finished building: ../src/main.c'
' '
'Building file: ../src/platform.c'
'Invoking: ARM v7 gcc compiler'
arm-none-eabi-gcc -Wall -O0 -g3 -I"E:\Proj_ZYNQ\CAM_VGA\CAM_VGA.sdk\CAM_PS_Configure\src" -I"E:\Proj_ZYNQ\CAM_VGA\CAM_VGA.sdk\CAM_PS_Configure\src\app" -I"E:\Proj_ZYNQ\CAM_VGA\CAM_VGA.sdk\CAM_PS_Configure\src\driver" -c -fmessage-length=0 -MT"src/platform.o" -mcpu=cortex-a9 -mfpu=vfpv3 -mfloat-abi=hard -I../../CAM_PS_Configure_bsp/ps7_cortexa9_0/include -MMD -MP -MF"src/platform.d" -MT"src/platform.o" -o "src/platform.o" "../src/platform.c"
'Finished building: ../src/platform.c'
' '
'Building target: CAM_PS_Configure.elf'
'Invoking: ARM v7 gcc linker'
arm-none-eabi-gcc -mcpu=cortex-a9 -mfpu=vfpv3 -mfloat-abi=hard -Wl,-build-id=none -specs=Xilinx.spec -Wl,-T -Wl,../src/lscript.ld -L../../CAM_PS_Configure_bsp/ps7_cortexa9_0/lib -o "CAM_PS_Configure.elf"  ./src/driver/OV7725_drv.o ./src/driver/SCCB_drv.o  ./src/main.o ./src/platform.o   -Wl,--start-group,-lxil,-lgcc,-lc,--end-group
'Finished building target: CAM_PS_Configure.elf'
' '
'Invoking: ARM v7 Print Size'
arm-none-eabi-size CAM_PS_Configure.elf  |tee "CAM_PS_Configure.elf.size"
   text	   data	    bss	    dec	    hex	filename
  80972	   2608	  23376	 106956	  1a1cc	CAM_PS_Configure.elf
'Finished building: CAM_PS_Configure.elf.size'
' '
17:21:24 **** Incremental Build of configuration Debug for project CAM_PS_Configure ****
make pre-build main-build 
a9-linaro-pre-build-step
' '
'Building file: ../src/driver/OV7725_drv.c'
'Invoking: ARM v7 gcc compiler'
arm-none-eabi-gcc -Wall -O0 -g3 -I"E:\Proj_ZYNQ\CAM_VGA\CAM_VGA.sdk\CAM_PS_Configure\src" -I"E:\Proj_ZYNQ\CAM_VGA\CAM_VGA.sdk\CAM_PS_Configure\src\app" -I"E:\Proj_ZYNQ\CAM_VGA\CAM_VGA.sdk\CAM_PS_Configure\src\driver" -c -fmessage-length=0 -MT"src/driver/OV7725_drv.o" -mcpu=cortex-a9 -mfpu=vfpv3 -mfloat-abi=hard -I../../CAM_PS_Configure_bsp/ps7_cortexa9_0/include -MMD -MP -MF"src/driver/OV7725_drv.d" -MT"src/driver/OV7725_drv.o" -o "src/driver/OV7725_drv.o" "../src/driver/OV7725_drv.c"
'Finished building: ../src/driver/OV7725_drv.c'
' '
'Building file: ../src/driver/SCCB_drv.c'
'Invoking: ARM v7 gcc compiler'
arm-none-eabi-gcc -Wall -O0 -g3 -I"E:\Proj_ZYNQ\CAM_VGA\CAM_VGA.sdk\CAM_PS_Configure\src" -I"E:\Proj_ZYNQ\CAM_VGA\CAM_VGA.sdk\CAM_PS_Configure\src\app" -I"E:\Proj_ZYNQ\CAM_VGA\CAM_VGA.sdk\CAM_PS_Configure\src\driver" -c -fmessage-length=0 -MT"src/driver/SCCB_drv.o" -mcpu=cortex-a9 -mfpu=vfpv3 -mfloat-abi=hard -I../../CAM_PS_Configure_bsp/ps7_cortexa9_0/include -MMD -MP -MF"src/driver/SCCB_drv.d" -MT"src/driver/SCCB_drv.o" -o "src/driver/SCCB_drv.o" "../src/driver/SCCB_drv.c"
../src/driver/SCCB_drv.c:91:13: warning: 'SCCB_Ack' defined but not used [-Wunused-function]
 static void SCCB_Ack(void)
             ^~~~~~~~
'Finished building: ../src/driver/SCCB_drv.c'
' '
'Building file: ../src/main.c'
'Invoking: ARM v7 gcc compiler'
arm-none-eabi-gcc -Wall -O0 -g3 -I"E:\Proj_ZYNQ\CAM_VGA\CAM_VGA.sdk\CAM_PS_Configure\src" -I"E:\Proj_ZYNQ\CAM_VGA\CAM_VGA.sdk\CAM_PS_Configure\src\app" -I"E:\Proj_ZYNQ\CAM_VGA\CAM_VGA.sdk\CAM_PS_Configure\src\driver" -c -fmessage-length=0 -MT"src/main.o" -mcpu=cortex-a9 -mfpu=vfpv3 -mfloat-abi=hard -I../../CAM_PS_Configure_bsp/ps7_cortexa9_0/include -MMD -MP -MF"src/main.d" -MT"src/main.o" -o "src/main.o" "../src/main.c"
'Finished building: ../src/main.c'
' '
'Building file: ../src/platform.c'
'Invoking: ARM v7 gcc compiler'
arm-none-eabi-gcc -Wall -O0 -g3 -I"E:\Proj_ZYNQ\CAM_VGA\CAM_VGA.sdk\CAM_PS_Configure\src" -I"E:\Proj_ZYNQ\CAM_VGA\CAM_VGA.sdk\CAM_PS_Configure\src\app" -I"E:\Proj_ZYNQ\CAM_VGA\CAM_VGA.sdk\CAM_PS_Configure\src\driver" -c -fmessage-length=0 -MT"src/platform.o" -mcpu=cortex-a9 -mfpu=vfpv3 -mfloat-abi=hard -I../../CAM_PS_Configure_bsp/ps7_cortexa9_0/include -MMD -MP -MF"src/platform.d" -MT"src/platform.o" -o "src/platform.o" "../src/platform.c"
'Finished building: ../src/platform.c'
' '
'Building target: CAM_PS_Configure.elf'
'Invoking: ARM v7 gcc linker'
arm-none-eabi-gcc -mcpu=cortex-a9 -mfpu=vfpv3 -mfloat-abi=hard -Wl,-build-id=none -specs=Xilinx.spec -Wl,-T -Wl,../src/lscript.ld -L../../CAM_PS_Configure_bsp/ps7_cortexa9_0/lib -o "CAM_PS_Configure.elf"  ./src/driver/OV7725_drv.o ./src/driver/SCCB_drv.o  ./src/main.o ./src/platform.o   -Wl,--start-group,-lxil,-lgcc,-lc,--end-group
'Finished building target: CAM_PS_Configure.elf'
' '
'Invoking: ARM v7 Print Size'
arm-none-eabi-size CAM_PS_Configure.elf  |tee "CAM_PS_Configure.elf.size"
   text	   data	    bss	    dec	    hex	filename
  80972	   2608	  23376	 106956	  1a1cc	CAM_PS_Configure.elf
'Finished building: CAM_PS_Configure.elf.size'
' '
17:21:46 **** Incremental Build of configuration Debug for project CAM_PS_Configure ****
make pre-build main-build 
a9-linaro-pre-build-step
' '
'Building file: ../src/driver/OV7725_drv.c'
'Invoking: ARM v7 gcc compiler'
arm-none-eabi-gcc -Wall -O0 -g3 -I"E:\Proj_ZYNQ\CAM_VGA\CAM_VGA.sdk\CAM_PS_Configure\src" -I"E:\Proj_ZYNQ\CAM_VGA\CAM_VGA.sdk\CAM_PS_Configure\src\app" -I"E:\Proj_ZYNQ\CAM_VGA\CAM_VGA.sdk\CAM_PS_Configure\src\driver" -c -fmessage-length=0 -MT"src/driver/OV7725_drv.o" -mcpu=cortex-a9 -mfpu=vfpv3 -mfloat-abi=hard -I../../CAM_PS_Configure_bsp/ps7_cortexa9_0/include -MMD -MP -MF"src/driver/OV7725_drv.d" -MT"src/driver/OV7725_drv.o" -o "src/driver/OV7725_drv.o" "../src/driver/OV7725_drv.c"
'Finished building: ../src/driver/OV7725_drv.c'
' '
'Building file: ../src/driver/SCCB_drv.c'
'Invoking: ARM v7 gcc compiler'
arm-none-eabi-gcc -Wall -O0 -g3 -I"E:\Proj_ZYNQ\CAM_VGA\CAM_VGA.sdk\CAM_PS_Configure\src" -I"E:\Proj_ZYNQ\CAM_VGA\CAM_VGA.sdk\CAM_PS_Configure\src\app" -I"E:\Proj_ZYNQ\CAM_VGA\CAM_VGA.sdk\CAM_PS_Configure\src\driver" -c -fmessage-length=0 -MT"src/driver/SCCB_drv.o" -mcpu=cortex-a9 -mfpu=vfpv3 -mfloat-abi=hard -I../../CAM_PS_Configure_bsp/ps7_cortexa9_0/include -MMD -MP -MF"src/driver/SCCB_drv.d" -MT"src/driver/SCCB_drv.o" -o "src/driver/SCCB_drv.o" "../src/driver/SCCB_drv.c"
../src/driver/SCCB_drv.c:91:13: warning: 'SCCB_Ack' defined but not used [-Wunused-function]
 static void SCCB_Ack(void)
             ^~~~~~~~
'Finished building: ../src/driver/SCCB_drv.c'
' '
'Building file: ../src/main.c'
'Invoking: ARM v7 gcc compiler'
arm-none-eabi-gcc -Wall -O0 -g3 -I"E:\Proj_ZYNQ\CAM_VGA\CAM_VGA.sdk\CAM_PS_Configure\src" -I"E:\Proj_ZYNQ\CAM_VGA\CAM_VGA.sdk\CAM_PS_Configure\src\app" -I"E:\Proj_ZYNQ\CAM_VGA\CAM_VGA.sdk\CAM_PS_Configure\src\driver" -c -fmessage-length=0 -MT"src/main.o" -mcpu=cortex-a9 -mfpu=vfpv3 -mfloat-abi=hard -I../../CAM_PS_Configure_bsp/ps7_cortexa9_0/include -MMD -MP -MF"src/main.d" -MT"src/main.o" -o "src/main.o" "../src/main.c"
'Finished building: ../src/main.c'
' '
'Building file: ../src/platform.c'
'Invoking: ARM v7 gcc compiler'
arm-none-eabi-gcc -Wall -O0 -g3 -I"E:\Proj_ZYNQ\CAM_VGA\CAM_VGA.sdk\CAM_PS_Configure\src" -I"E:\Proj_ZYNQ\CAM_VGA\CAM_VGA.sdk\CAM_PS_Configure\src\app" -I"E:\Proj_ZYNQ\CAM_VGA\CAM_VGA.sdk\CAM_PS_Configure\src\driver" -c -fmessage-length=0 -MT"src/platform.o" -mcpu=cortex-a9 -mfpu=vfpv3 -mfloat-abi=hard -I../../CAM_PS_Configure_bsp/ps7_cortexa9_0/include -MMD -MP -MF"src/platform.d" -MT"src/platform.o" -o "src/platform.o" "../src/platform.c"
'Finished building: ../src/platform.c'
' '
'Building target: CAM_PS_Configure.elf'
'Invoking: ARM v7 gcc linker'
arm-none-eabi-gcc -mcpu=cortex-a9 -mfpu=vfpv3 -mfloat-abi=hard -Wl,-build-id=none -specs=Xilinx.spec -Wl,-T -Wl,../src/lscript.ld -L../../CAM_PS_Configure_bsp/ps7_cortexa9_0/lib -o "CAM_PS_Configure.elf"  ./src/driver/OV7725_drv.o ./src/driver/SCCB_drv.o  ./src/main.o ./src/platform.o   -Wl,--start-group,-lxil,-lgcc,-lc,--end-group
'Finished building target: CAM_PS_Configure.elf'
' '
'Invoking: ARM v7 Print Size'
arm-none-eabi-size CAM_PS_Configure.elf  |tee "CAM_PS_Configure.elf.size"
   text	   data	    bss	    dec	    hex	filename
  80972	   2608	  23376	 106956	  1a1cc	CAM_PS_Configure.elf
'Finished building: CAM_PS_Configure.elf.size'
' '
17:24:34 **** Incremental Build of configuration Debug for project CAM_PS_Configure ****
make pre-build main-build 
a9-linaro-pre-build-step
' '
'Building file: ../src/driver/OV7725_drv.c'
'Invoking: ARM v7 gcc compiler'
[...]
"Compiling ttcps"
"Running Make libs in ps7_cortexa9_0/libsrc/uartps_v3_5/src"
make -C ps7_cortexa9_0/libsrc/uartps_v3_5/src -s libs  "SHELL=CMD" "COMPILER=arm-none-eabi-gcc" "ARCHIVER=arm-none-eabi-ar" "COMPILER_FLAGS=  -O2 -c" "EXTRA_COMPILER_FLAGS=-mcpu=cortex-a9 -mfpu=vfpv3 -mfloat-abi=hard -nostartfiles -Wall -Wextra"
"Compiling uartps"
"Running Make libs in ps7_cortexa9_0/libsrc/xadcps_v2_2/src"
make -C ps7_cortexa9_0/libsrc/xadcps_v2_2/src -s libs  "SHELL=CMD" "COMPILER=arm-none-eabi-gcc" "ARCHIVER=arm-none-eabi-ar" "COMPILER_FLAGS=  -O2 -c" "EXTRA_COMPILER_FLAGS=-mcpu=cortex-a9 -mfpu=vfpv3 -mfloat-abi=hard -nostartfiles -Wall -Wextra"
"Compiling xadcps"
'Finished building libraries'
18:56:43 **** Incremental Build of configuration Debug for project CAM_PS_Configure ****
make pre-build main-build 
a9-linaro-pre-build-step
' '
'Building file: ../src/driver/OV7725_drv.c'
'Invoking: ARM v7 gcc compiler'
arm-none-eabi-gcc -Wall -O0 -g3 -I"E:\Proj_ZYNQ\CAM_VGA\CAM_VGA.sdk\CAM_PS_Configure\src" -I"E:\Proj_ZYNQ\CAM_VGA\CAM_VGA.sdk\CAM_PS_Configure_wrapper_hw_platform_0" -I"E:\Proj_ZYNQ\CAM_VGA\CAM_VGA.sdk\CAM_PS_Configure\src\app" -I"E:\Proj_ZYNQ\CAM_VGA\CAM_VGA.sdk\CAM_PS_Configure\src\driver" -c -fmessage-length=0 -MT"src/driver/OV7725_drv.o" -mcpu=cortex-a9 -mfpu=vfpv3 -mfloat-abi=hard -I../../CAM_PS_Configure_bsp/ps7_cortexa9_0/include -MMD -MP -MF"src/driver/OV7725_drv.d" -MT"src/driver/OV7725_drv.o" -o "src/driver/OV7725_drv.o" "../src/driver/OV7725_drv.c"
'Finished building: ../src/driver/OV7725_drv.c'
' '
'Building file: ../src/driver/SCCB_drv.c'
'Invoking: ARM v7 gcc compiler'
arm-none-eabi-gcc -Wall -O0 -g3 -I"E:\Proj_ZYNQ\CAM_VGA\CAM_VGA.sdk\CAM_PS_Configure\src" -I"E:\Proj_ZYNQ\CAM_VGA\CAM_VGA.sdk\CAM_PS_Configure_wrapper_hw_platform_0" -I"E:\Proj_ZYNQ\CAM_VGA\CAM_VGA.sdk\CAM_PS_Configure\src\app" -I"E:\Proj_ZYNQ\CAM_VGA\CAM_VGA.sdk\CAM_PS_Configure\src\driver" -c -fmessage-length=0 -MT"src/driver/SCCB_drv.o" -mcpu=cortex-a9 -mfpu=vfpv3 -mfloat-abi=hard -I../../CAM_PS_Configure_bsp/ps7_cortexa9_0/include -MMD -MP -MF"src/driver/SCCB_drv.d" -MT"src/driver/SCCB_drv.o" -o "src/driver/SCCB_drv.o" "../src/driver/SCCB_drv.c"
../src/driver/SCCB_drv.c:95:13: warning: 'SCCB_Ack' defined but not used [-Wunused-function]
 static void SCCB_Ack(void)
             ^~~~~~~~
'Finished building: ../src/driver/SCCB_drv.c'
' '
'Building file: ../src/main.c'
'Invoking: ARM v7 gcc compiler'
arm-none-eabi-gcc -Wall -O0 -g3 -I"E:\Proj_ZYNQ\CAM_VGA\CAM_VGA.sdk\CAM_PS_Configure\src" -I"E:\Proj_ZYNQ\CAM_VGA\CAM_VGA.sdk\CAM_PS_Configure_wrapper_hw_platform_0" -I"E:\Proj_ZYNQ\CAM_VGA\CAM_VGA.sdk\CAM_PS_Configure\src\app" -I"E:\Proj_ZYNQ\CAM_VGA\CAM_VGA.sdk\CAM_PS_Configure\src\driver" -c -fmessage-length=0 -MT"src/main.o" -mcpu=cortex-a9 -mfpu=vfpv3 -mfloat-abi=hard -I../../CAM_PS_Configure_bsp/ps7_cortexa9_0/include -MMD -MP -MF"src/main.d" -MT"src/main.o" -o "src/main.o" "../src/main.c"
'Finished building: ../src/main.c'
' '
'Building file: ../src/platform.c'
'Invoking: ARM v7 gcc compiler'
arm-none-eabi-gcc -Wall -O0 -g3 -I"E:\Proj_ZYNQ\CAM_VGA\CAM_VGA.sdk\CAM_PS_Configure\src" -I"E:\Proj_ZYNQ\CAM_VGA\CAM_VGA.sdk\CAM_PS_Configure_wrapper_hw_platform_0" -I"E:\Proj_ZYNQ\CAM_VGA\CAM_VGA.sdk\CAM_PS_Configure\src\app" -I"E:\Proj_ZYNQ\CAM_VGA\CAM_VGA.sdk\CAM_PS_Configure\src\driver" -c -fmessage-length=0 -MT"src/platform.o" -mcpu=cortex-a9 -mfpu=vfpv3 -mfloat-abi=hard -I../../CAM_PS_Configure_bsp/ps7_cortexa9_0/include -MMD -MP -MF"src/platform.d" -MT"src/platform.o" -o "src/platform.o" "../src/platform.c"
'Finished building: ../src/platform.c'
' '
'Building target: CAM_PS_Configure.elf'
'Invoking: ARM v7 gcc linker'
arm-none-eabi-gcc -mcpu=cortex-a9 -mfpu=vfpv3 -mfloat-abi=hard -Wl,-build-id=none -specs=Xilinx.spec -Wl,-T -Wl,../src/lscript.ld -L../../CAM_PS_Configure_bsp/ps7_cortexa9_0/lib -o "CAM_PS_Configure.elf"  ./src/driver/OV7725_drv.o ./src/driver/SCCB_drv.o  ./src/main.o ./src/platform.o   -Wl,--start-group,-lxil,-lgcc,-lc,--end-group
'Finished building target: CAM_PS_Configure.elf'
' '
'Invoking: ARM v7 Print Size'
arm-none-eabi-size CAM_PS_Configure.elf  |tee "CAM_PS_Configure.elf.size"
   text	   data	    bss	    dec	    hex	filename
  81288	   2608	  23376	 107272	  1a308	CAM_PS_Configure.elf
'Finished building: CAM_PS_Configure.elf.size'
' '
18:56:59 **** Incremental Build of configuration Debug for project CAM_PS_Configure ****
make pre-build main-build 
a9-linaro-pre-build-step
' '
'Building file: ../src/main.c'
'Invoking: ARM v7 gcc compiler'
arm-none-eabi-gcc -Wall -O0 -g3 -I"E:\Proj_ZYNQ\CAM_VGA\CAM_VGA.sdk\CAM_PS_Configure\src" -I"E:\Proj_ZYNQ\CAM_VGA\CAM_VGA.sdk\CAM_PS_Configure_wrapper_hw_platform_0" -I"E:\Proj_ZYNQ\CAM_VGA\CAM_VGA.sdk\CAM_PS_Configure\src\app" -I"E:\Proj_ZYNQ\CAM_VGA\CAM_VGA.sdk\CAM_PS_Configure\src\driver" -c -fmessage-length=0 -MT"src/main.o" -mcpu=cortex-a9 -mfpu=vfpv3 -mfloat-abi=hard -I../../CAM_PS_Configure_bsp/ps7_cortexa9_0/include -MMD -MP -MF"src/main.d" -MT"src/main.o" -o "src/main.o" "../src/main.c"
'Finished building: ../src/main.c'
' '
'Building target: CAM_PS_Configure.elf'
'Invoking: ARM v7 gcc linker'
arm-none-eabi-gcc -mcpu=cortex-a9 -mfpu=vfpv3 -mfloat-abi=hard -Wl,-build-id=none -specs=Xilinx.spec -Wl,-T -Wl,../src/lscript.ld -L../../CAM_PS_Configure_bsp/ps7_cortexa9_0/lib -o "CAM_PS_Configure.elf"  ./src/driver/OV7725_drv.o ./src/driver/SCCB_drv.o  ./src/main.o ./src/platform.o   -Wl,--start-group,-lxil,-lgcc,-lc,--end-group
'Finished building target: CAM_PS_Configure.elf'
' '
'Invoking: ARM v7 Print Size'
arm-none-eabi-size CAM_PS_Configure.elf  |tee "CAM_PS_Configure.elf.size"
   text	   data	    bss	    dec	    hex	filename
  81288	   2608	  23376	 107272	  1a308	CAM_PS_Configure.elf
'Finished building: CAM_PS_Configure.elf.size'
' '
18:57:01 **** Incremental Build of configuration Debug for project CAM_PS_Configure ****
make pre-build main-build 
a9-linaro-pre-build-step
' '
make: Nothing to be done for `main-build'.
18:57:04 **** Incremental Build of configuration Debug for project CAM_PS_Configure ****
make pre-build main-build 
a9-linaro-pre-build-step
' '
make: Nothing to be done for `main-build'.
18:59:38 **** Incremental Build of configuration Debug for project CAM_PS_Configure ****
make pre-build main-build 
a9-linaro-pre-build-step
' '
make: Nothing to be done for `main-build'.
19:06:53 **** Incremental Build of configuration Debug for project CAM_PS_Configure ****
make pre-build main-build 
a9-linaro-pre-build-step
' '
make: Nothing to be done for `main-build'.
19:11:07 **** Incremental Build of configuration Debug for project CAM_PS_Configure ****
make pre-build main-build 
a9-linaro-pre-build-step
' '
'Building file: ../src/driver/OV7725_drv.c'
'Invoking: ARM v7 gcc compiler'
arm-none-eabi-gcc -Wall -O0 -g3 -I"E:\Proj_ZYNQ\CAM_VGA\CAM_VGA.sdk\CAM_PS_Configure\src" -I"E:\Proj_ZYNQ\CAM_VGA\CAM_VGA.sdk\CAM_PS_Configure_wrapper_hw_platform_0" -I"E:\Proj_ZYNQ\CAM_VGA\CAM_VGA.sdk\CAM_PS_Configure\src\app" -I"E:\Proj_ZYNQ\CAM_VGA\CAM_VGA.sdk\CAM_PS_Configure\src\driver" -c -fmessage-length=0 -MT"src/driver/OV7725_drv.o" -mcpu=cortex-a9 -mfpu=vfpv3 -mfloat-abi=hard -I../../CAM_PS_Configure_bsp/ps7_cortexa9_0/include -MMD -MP -MF"src/driver/OV7725_drv.d" -MT"src/driver/OV7725_drv.o" -o "src/driver/OV7725_drv.o" "../src/driver/OV7725_drv.c"
'Finished building: ../src/driver/OV7725_drv.c'
' '
'Building file: ../src/driver/SCCB_drv.c'
'Invoking: ARM v7 gcc compiler'
arm-none-eabi-gcc -Wall -O0 -g3 -I"E:\Proj_ZYNQ\CAM_VGA\CAM_VGA.sdk\CAM_PS_Configure\src" -I"E:\Proj_ZYNQ\CAM_VGA\CAM_VGA.sdk\CAM_PS_Configure_wrapper_hw_platform_0" -I"E:\Proj_ZYNQ\CAM_VGA\CAM_VGA.sdk\CAM_PS_Configure\src\app" -I"E:\Proj_ZYNQ\CAM_VGA\CAM_VGA.sdk\CAM_PS_Configure\src\driver" -c -fmessage-length=0 -MT"src/driver/SCCB_drv.o" -mcpu=cortex-a9 -mfpu=vfpv3 -mfloat-abi=hard -I../../CAM_PS_Configure_bsp/ps7_cortexa9_0/include -MMD -MP -MF"src/driver/SCCB_drv.d" -MT"src/driver/SCCB_drv.o" -o "src/driver/SCCB_drv.o" "../src/driver/SCCB_drv.c"
In file included from ../src/driver/SCCB_drv.c:5:0:
../src/driver/SCCB_drv.c: In function 'SCCB_Start':
../src/driver/SCCB_drv.h:27:25: error: expected expression before 'do'
 #define SDA_IN()        do{XGpioPs_SetOutputEnablePin(&SCCB_OBJ, SCCB_SDA, DISABLE); XGpioPs_ReadPin(&SCCB_OBJ, SCCB_SDA);}while(0)
                         ^
../src/driver/SCCB_drv.c:55:9: note: in expansion of macro 'SDA_IN'
     if(!SDA_IN())
         ^~~~~~
../src/driver/SCCB_drv.h:27:25: error: expected expression before 'do'
 #define SDA_IN()        do{XGpioPs_SetOutputEnablePin(&SCCB_OBJ, SCCB_SDA, DISABLE); XGpioPs_ReadPin(&SCCB_OBJ, SCCB_SDA);}while(0)
                         ^
../src/driver/SCCB_drv.c:66:8: note: in expansion of macro 'SDA_IN'
     if(SDA_IN())
        ^~~~~~
../src/driver/SCCB_drv.c: In function 'SCCB_WaitAck':
../src/driver/SCCB_drv.h:27:25: error: expected expression before 'do'
 #define SDA_IN()        do{XGpioPs_SetOutputEnablePin(&SCCB_OBJ, SCCB_SDA, DISABLE); XGpioPs_ReadPin(&SCCB_OBJ, SCCB_SDA);}while(0)
                         ^
../src/driver/SCCB_drv.c:139:8: note: in expansion of macro 'SDA_IN'
     if(SDA_IN())           //Ó¦´ðÎª¸ßµçÆ½£¬Òì³££¬Í¨ÐÅÊ§°Ü
        ^~~~~~
../src/driver/SCCB_drv.c: In function 'SCCB_ReceiveByte':
../src/driver/SCCB_drv.h:27:25: error: expected expression before 'do'
 #define SDA_IN()        do{XGpioPs_SetOutputEnablePin(&SCCB_OBJ, SCCB_SDA, DISABLE); XGpioPs_ReadPin(&SCCB_OBJ, SCCB_SDA);}while(0)
                         ^
../src/driver/SCCB_drv.c:201:12: note: in expansion of macro 'SDA_IN'
         if(SDA_IN())
            ^~~~~~
At top level:
../src/driver/SCCB_drv.c:95:13: warning: 'SCCB_Ack' defined but not used [-Wunused-function]
 static void SCCB_Ack(void)
             ^~~~~~~~
make: *** [src/driver/SCCB_drv.o] ´íÎó 1
19:18:00 **** Incremental Build of configuration Debug for project CAM_PS_Configure ****
make pre-build main-build 
a9-linaro-pre-build-step
' '
'Building file: ../src/driver/OV7725_drv.c'
'Invoking: ARM v7 gcc compiler'
arm-none-eabi-gcc -Wall -O0 -g3 -I"E:\Proj_ZYNQ\CAM_VGA\CAM_VGA.sdk\CAM_PS_Configure\src" -I"E:\Proj_ZYNQ\CAM_VGA\CAM_VGA.sdk\CAM_PS_Configure_wrapper_hw_platform_0" -I"E:\Proj_ZYNQ\CAM_VGA\CAM_VGA.sdk\CAM_PS_Configure\src\app" -I"E:\Proj_ZYNQ\CAM_VGA\CAM_VGA.sdk\CAM_PS_Configure\src\driver" -c -fmessage-length=0 -MT"src/driver/OV7725_drv.o" -mcpu=cortex-a9 -mfpu=vfpv3 -mfloat-abi=hard -I../../CAM_PS_Configure_bsp/ps7_cortexa9_0/include -MMD -MP -MF"src/driver/OV7725_drv.d" -MT"src/driver/OV7725_drv.o" -o "src/driver/OV7725_drv.o" "../src/driver/OV7725_drv.c"
'Finished building: ../src/driver/OV7725_drv.c'
' '
'Building file: ../src/driver/SCCB_drv.c'
'Invoking: ARM v7 gcc compiler'
arm-none-eabi-gcc -Wall -O0 -g3 -I"E:\Proj_ZYNQ\CAM_VGA\CAM_VGA.sdk\CAM_PS_Configure\src" -I"E:\Proj_ZYNQ\CAM_VGA\CAM_VGA.sdk\CAM_PS_Configure_wrapper_hw_platform_0" -I"E:\Proj_ZYNQ\CAM_VGA\CAM_VGA.sdk\CAM_PS_Configure\src\app" -I"E:\Proj_ZYNQ\CAM_VGA\CAM_VGA.sdk\CAM_PS_Configure\src\driver" -c -fmessage-length=0 -MT"src/driver/SCCB_drv.o" -mcpu=cortex-a9 -mfpu=vfpv3 -mfloat-abi=hard -I../../CAM_PS_Configure_bsp/ps7_cortexa9_0/include -MMD -MP -MF"src/driver/SCCB_drv.d" -MT"src/driver/SCCB_drv.o" -o "src/driver/SCCB_drv.o" "../src/driver/SCCB_drv.c"
In file included from ../src/driver/SCCB_drv.c:5:0:
../src/driver/SCCB_drv.c: In function 'SCCB_Start':
../src/driver/SCCB_drv.h:27:25: error: expected expression before 'do'
 #define SDA_IN()        do{XGpioPs_ReadPin(&SCCB_OBJ, SCCB_SDA);}while(0)
                         ^
../src/driver/SCCB_drv.c:55:9: note: in expansion of macro 'SDA_IN'
     if(!SDA_IN())
         ^~~~~~
../src/driver/SCCB_drv.h:27:25: error: expected expression before 'do'
 #define SDA_IN()        do{XGpioPs_ReadPin(&SCCB_OBJ, SCCB_SDA);}while(0)
                         ^
../src/driver/SCCB_drv.c:66:8: note: in expansion of macro 'SDA_IN'
     if(SDA_IN())
        ^~~~~~
../src/driver/SCCB_drv.c: In function 'SCCB_WaitAck':
../src/driver/SCCB_drv.h:27:25: error: expected expression before 'do'
 #define SDA_IN()        do{XGpioPs_ReadPin(&SCCB_OBJ, SCCB_SDA);}while(0)
                         ^
../src/driver/SCCB_drv.c:139:8: note: in expansion of macro 'SDA_IN'
     if(SDA_IN())           //Ó¦´ðÎª¸ßµçÆ½£¬Òì³££¬Í¨ÐÅÊ§°Ü
        ^~~~~~
../src/driver/SCCB_drv.c: In function 'SCCB_ReceiveByte':
../src/driver/SCCB_drv.h:27:25: error: expected expression before 'do'
 #define SDA_IN()        do{XGpioPs_ReadPin(&SCCB_OBJ, SCCB_SDA);}while(0)
                         ^
../src/driver/SCCB_drv.c:201:12: note: in expansion of macro 'SDA_IN'
         if(SDA_IN())
            ^~~~~~
At top level:
../src/driver/SCCB_drv.c:95:13: warning: 'SCCB_Ack' defined but not used [-Wunused-function]
 static void SCCB_Ack(void)
             ^~~~~~~~
make: *** [src/driver/SCCB_drv.o] ´íÎó 1
19:19:30 **** Incremental Build of configuration Debug for project CAM_PS_Configure ****
make pre-build main-build 
a9-linaro-pre-build-step
' '
'Building file: ../src/driver/OV7725_drv.c'
'Invoking: ARM v7 gcc compiler'
arm-none-eabi-gcc -Wall -O0 -g3 -I"E:\Proj_ZYNQ\CAM_VGA\CAM_VGA.sdk\CAM_PS_Configure\src" -I"E:\Proj_ZYNQ\CAM_VGA\CAM_VGA.sdk\CAM_PS_Configure_wrapper_hw_platform_0" -I"E:\Proj_ZYNQ\CAM_VGA\CAM_VGA.sdk\CAM_PS_Configure\src\app" -I"E:\Proj_ZYNQ\CAM_VGA\CAM_VGA.sdk\CAM_PS_Configure\src\driver" -c -fmessage-length=0 -MT"src/driver/OV7725_drv.o" -mcpu=cortex-a9 -mfpu=vfpv3 -mfloat-abi=hard -I../../CAM_PS_Configure_bsp/ps7_cortexa9_0/include -MMD -MP -MF"src/driver/OV7725_drv.d" -MT"src/driver/OV7725_drv.o" -o "src/driver/OV7725_drv.o" "../src/driver/OV7725_drv.c"
'Finished building: ../src/driver/OV7725_drv.c'
' '
'Building file: ../src/driver/SCCB_drv.c'
'Invoking: ARM v7 gcc compiler'
arm-none-eabi-gcc -Wall -O0 -g3 -I"E:\Proj_ZYNQ\CAM_VGA\CAM_VGA.sdk\CAM_PS_Configure\src" -I"E:\Proj_ZYNQ\CAM_VGA\CAM_VGA.sdk\CAM_PS_Configure_wrapper_hw_platform_0" -I"E:\Proj_ZYNQ\CAM_VGA\CAM_VGA.sdk\CAM_PS_Configure\src\app" -I"E:\Proj_ZYNQ\CAM_VGA\CAM_VGA.sdk\CAM_PS_Configure\src\driver" -c -fmessage-length=0 -MT"src/driver/SCCB_drv.o" -mcpu=cortex-a9 -mfpu=vfpv3 -mfloat-abi=hard -I../../CAM_PS_Configure_bsp/ps7_cortexa9_0/include -MMD -MP -MF"src/driver/SCCB_drv.d" -MT"src/driver/SCCB_drv.o" -o "src/driver/SCCB_drv.o" "../src/driver/SCCB_drv.c"
../src/driver/SCCB_drv.c:95:13: warning: 'SCCB_Ack' defined but not used [-Wunused-function]
 static void SCCB_Ack(void)
             ^~~~~~~~
'Finished building: ../src/driver/SCCB_drv.c'
' '
'Building file: ../src/main.c'
'Invoking: ARM v7 gcc compiler'
arm-none-eabi-gcc -Wall -O0 -g3 -I"E:\Proj_ZYNQ\CAM_VGA\CAM_VGA.sdk\CAM_PS_Configure\src" -I"E:\Proj_ZYNQ\CAM_VGA\CAM_VGA.sdk\CAM_PS_Configure_wrapper_hw_platform_0" -I"E:\Proj_ZYNQ\CAM_VGA\CAM_VGA.sdk\CAM_PS_Configure\src\app" -I"E:\Proj_ZYNQ\CAM_VGA\CAM_VGA.sdk\CAM_PS_Configure\src\driver" -c -fmessage-length=0 -MT"src/main.o" -mcpu=cortex-a9 -mfpu=vfpv3 -mfloat-abi=hard -I../../CAM_PS_Configure_bsp/ps7_cortexa9_0/include -MMD -MP -MF"src/main.d" -MT"src/main.o" -o "src/main.o" "../src/main.c"
'Finished building: ../src/main.c'
' '
'Building target: CAM_PS_Configure.elf'
'Invoking: ARM v7 gcc linker'
arm-none-eabi-gcc -mcpu=cortex-a9 -mfpu=vfpv3 -mfloat-abi=hard -Wl,-build-id=none -specs=Xilinx.spec -Wl,-T -Wl,../src/lscript.ld -L../../CAM_PS_Configure_bsp/ps7_cortexa9_0/lib -o "CAM_PS_Configure.elf"  ./src/driver/OV7725_drv.o ./src/driver/SCCB_drv.o  ./src/main.o ./src/platform.o   -Wl,--start-group,-lxil,-lgcc,-lc,--end-group
'Finished building target: CAM_PS_Configure.elf'
' '
'Invoking: ARM v7 Print Size'
arm-none-eabi-size CAM_PS_Configure.elf  |tee "CAM_PS_Configure.elf.size"
   text	   data	    bss	    dec	    hex	filename
  81800	   2608	  23376	 107784	  1a508	CAM_PS_Configure.elf
'Finished building: CAM_PS_Configure.elf.size'
' '
19:19:33 **** Incremental Build of configuration Debug for project CAM_PS_Configure ****
make pre-build main-build 
a9-linaro-pre-build-step
' '
make: Nothing to be done for `main-build'.
19:19:34 **** Incremental Build of configuration Debug for project CAM_PS_Configure ****
make pre-build main-build 
a9-linaro-pre-build-step
' '
make: Nothing to be done for `main-build'.
20:00:20 **** Incremental Build of configuration Debug for project CAM_PS_Configure ****
make pre-build main-build 
a9-linaro-pre-build-step
' '
make: Nothing to be done for `main-build'.
20:01:07 **** Incremental Build of configuration Debug for project CAM_PS_Configure ****
make pre-build main-build 
a9-linaro-pre-build-step
' '
make: Nothing to be done for `main-build'.
20:03:26 **** Incremental Build of configuration Debug for project CAM_PS_Configure ****
make pre-build main-build 
a9-linaro-pre-build-step
' '
make: Nothing to be done for `main-build'.
20:03:34 **** Incremental Build of configuration Debug for project CAM_PS_Configure ****
make pre-build main-build 
a9-linaro-pre-build-step
' '
make: Nothing to be done for `main-build'.
20:03:42 **** Incremental Build of configuration Debug for project CAM_PS_Configure ****
make pre-build main-build 
a9-linaro-pre-build-step
' '
make: Nothing to be done for `main-build'.
20:05:04 **** Incremental Build of configuration Debug for project CAM_PS_Configure ****
make pre-build main-build 
a9-linaro-pre-build-step
' '
make: Nothing to be done for `main-build'.
20:09:31 **** Incremental Build of configuration Debug for project CAM_PS_Configure ****
make pre-build main-build 
a9-linaro-pre-build-step
' '
make: Nothing to be done for `main-build'.
20:09:33 **** Incremental Build of configuration Debug for project CAM_PS_Configure ****
make pre-build main-build 
a9-linaro-pre-build-step
' '
'Building file: ../src/platform.c'
'Invoking: ARM v7 gcc compiler'
arm-none-eabi-gcc -Wall -O0 -g3 -I"E:\Proj_ZYNQ\CAM_VGA\CAM_VGA.sdk\CAM_PS_Configure\src" -I"E:\Proj_ZYNQ\CAM_VGA\CAM_VGA.sdk\CAM_PS_Configure_wrapper_hw_platform_0" -I"E:\Proj_ZYNQ\CAM_VGA\CAM_VGA.sdk\CAM_PS_Configure\src\app" -I"E:\Proj_ZYNQ\CAM_VGA\CAM_VGA.sdk\CAM_PS_Configure\src\driver" -c -fmessage-length=0 -MT"src/platform.o" -mcpu=cortex-a9 -mfpu=vfpv3 -mfloat-abi=hard -I../../CAM_PS_Configure_bsp/ps7_cortexa9_0/include -MMD -MP -MF"src/platform.d" -MT"src/platform.o" -o "src/platform.o" "../src/platform.c"
'Finished building: ../src/platform.c'
' '
'Building target: CAM_PS_Configure.elf'
'Invoking: ARM v7 gcc linker'
arm-none-eabi-gcc -mcpu=cortex-a9 -mfpu=vfpv3 -mfloat-abi=hard -Wl,-build-id=none -specs=Xilinx.spec -Wl,-T -Wl,../src/lscript.ld -L../../CAM_PS_Configure_bsp/ps7_cortexa9_0/lib -o "CAM_PS_Configure.elf"  ./src/driver/OV7725_drv.o ./src/driver/SCCB_drv.o  ./src/main.o ./src/platform.o   -Wl,--start-group,-lxil,-lgcc,-lc,--end-group
'Finished building target: CAM_PS_Configure.elf'
' '
'Invoking: ARM v7 Print Size'
arm-none-eabi-size CAM_PS_Configure.elf  |tee "CAM_PS_Configure.elf.size"
   text	   data	    bss	    dec	    hex	filename
  81800	   2608	  23376	 107784	  1a508	CAM_PS_Configure.elf
'Finished building: CAM_PS_Configure.elf.size'
' '
20:09:45 **** Incremental Build of configuration Debug for project CAM_PS_Configure ****
make pre-build main-build 
a9-linaro-pre-build-step
' '
make: Nothing to be done for `main-build'.
20:10:11 **** Incremental Build of configuration Debug for project CAM_PS_Configure ****
make pre-build main-build 
a9-linaro-pre-build-step
' '
make: Nothing to be done for `main-build'.
20:15:25 **** Incremental Build of configuration Debug for project CAM_PS_Configure ****
make pre-build main-build 
a9-linaro-pre-build-step
' '
make: Nothing to be done for `main-build'.
23:58:57 **** Incremental Build of configuration Debug for project CAM_PS_Configure ****
make pre-build main-build 
a9-linaro-pre-build-step
' '
make: Nothing to be done for `main-build'.
